2026-03-28 20:51:51,199 - INFO - AnalyticREQUEST: 
You are professional data analytic, you must analyze data from dataset, work with it and create plan for data planner.
Data planner - its coder, that listen your commands, create code by it, and return result of output from docker.

Remember, that ALL your actions onto dataset will save

Initial information:
1. Description of dataset from author: 
Dataset Description
# Files
train.csv - the training set
test.csv - the test set
sample_submission.csv - a sample submission file in the correct format
# Columns
name: название объекта
_id: уникальный идентификатор
host_name: имя владельца или хоста, который предоставляет жилье
location_cluster: кластеризация местоположений (например, группировка объектов по районам или зонам).
location: описание местоположения объекта
lat, lon: широта и долгота местоположения объекта.
type_house: тип жилья
sum: общая стоимость аренды или сумма за определенный период.
min_days: минимальное количество дней для бронирования объекта.
amt_reviews: количество отзывов, оставленных для данного объекта.
last_dt: дата последнего отзыва или последнего бронирования.
avg_reviews: средний рейтинг или среднее количество отзывов за определенный период.
total_host: общее количество объектов, принадлежащих одному хосту
target: целевая переменная

# Overview
Соревнование в рамках курса от МТС. Задача: предсказание дней занятости (или простоя) аренды недвижимости.

# Description
Соревнование по задаче регрессии

# Evaluation
Оценка по метрике MSE

2. result of df.info:
<class 'pandas.core.frame.DataFrame'>
RangeIndex: 36671 entries, 0 to 36670
Data columns (total 15 columns):
 #   Column            Non-Null Count  Dtype  
---  ------            --------------  -----  
 0   name              36662 non-null  object 
 1   _id               36671 non-null  int64  
 2   host_name         36653 non-null  object 
 3   location_cluster  36671 non-null  object 
 4   location          36671 non-null  object 
 5   lat               36671 non-null  float64
 6   lon               36671 non-null  float64
 7   type_house        36671 non-null  object 
 8   sum               36671 non-null  int64  
 9   min_days          36671 non-null  int64  
 10  amt_reviews       36671 non-null  int64  
 11  last_dt           29169 non-null  object 
 12  avg_reviews       29169 non-null  float64
 13  total_host        36671 non-null  int64  
 14  target            36671 non-null  int64  
dtypes: float64(3), int64(6), object(6)
memory usage: 4.2+ MB


3. Some initial string from dataset:
                                                name  ...  target
0          Belle Harbor 4 BR 2 bath- 1 bl from Beach  ...     334
1                        Come see Brooklyn, New York  ...       0
2            Large 2Br on W71st & Columbus Feb 19-28  ...       0
3  Perfect bedroom. Near Subways Columbia CityCol...  ...       0
4  Cozy Sun Filled Fresh Guest Room in Artsy Bush...  ...     155

[5 rows x 15 columns]

4. Data size:
36671

Also you have satisfy_rate - how you estimate your job, where 0 - poor result or you dont start, 1 - you sure on 100% that you complete and make all for increasing of result. 
If rate > 0.9 - I move on next model and give result to model learning stage (you dont get response from your instructions, estimate more than 0.9 only if you sure in data and i can start learn a ML model for competition).
If you dont sure in data, dont work with it or want modify df, rate < 0.9
Your previous attempts and responses from worker:
It's your first try

Dont add any graphics, its useless: you haven't eyes, only output

Name of file:
train.csv
Really important provide name of file to coder!
Give response in json with fields:
- data_planner_request: str with commands for data_worker
- satisfy_rate: float
Addition: Perform EDA
2026-03-28 20:51:53,211 - INFO - AnalyticRESPONSE: ```json
{
  "data_planner_request": "Perform exploratory data analysis (EDA) on the dataset. Specifically, check for missing values, understand the distribution of numerical features, and analyze categorical variables. Additionally, ensure that the 'last_dt' column is converted to a datetime format if it's not already.",
  "satisfy_rate": 0.8
}
```
2026-03-28 20:51:53,212 - INFO - [Wrapper] Running coder with task:
Load and analyze file 'train.csv'. ```json
{
  "data_planner_request": "Perform exploratory data analysis (EDA) on the dataset. Specifically, check for missing values, understand the distribution of numerical features, and analyze categorical variables. Additionally, ensure that the 'last_dt' column is converted to a datetime format if it's not already.",
  "satisfy_rate": 0.8
}
```
2026-03-28 20:51:57,891 - INFO - Coder Request: 
    Write Python code for the following task:
Load and analyze file 'train.csv'. ```json
{
  "data_planner_request": "Perform exploratory data analysis (EDA) on the dataset. Specifically, check for missing values, understand the distribution of numerical features, and analyze categorical variables. Additionally, ensure that the 'last_dt' column is converted to a datetime format if it's not already.",
  "satisfy_rate": 0.8
}
```
Important: When generating code, ensure:
    - Use proper spacing: "import pandas as pd" not "import pandasaspd"
    - Add spaces after commas: "func(arg1, arg2)" not "func(arg1,arg2)"
    - Put each statement on a new line
    - Use proper indentation (4 spaces per level)
    - Ensure the code runs without errors and outputs meaningful results.
    Output only the code, no explanations.
    
2026-03-28 20:51:57,891 - INFO - Coder Response: import pandas as pd

# Load the dataset
train_data = pd.read_csv('train.csv')

# Check for missing values
missing_values = train_data.isnull().sum()
print("Missing Values:\n", missing_values)

# Convert 'last_dt' to datetime format if it's not already
if not pd.api.types.is_datetime64_any_dtype(train_data['last_dt']):
    train_data['last_dt'] = pd.to_datetime(train_data['last_dt'])

# Understand the distribution of numerical features
numerical_features = train_data.select_dtypes(include=['int64', 'float64'])
print("\nNumerical Features Distribution:\n", numerical_features.describe())

# Analyze categorical variables
categorical_features = train_data.select_dtypes(include=['object'])
for column in categorical_features.columns:
    print(f"\nCategorical Feature: {column}")
    print(categorical_features[column].value_counts())
2026-03-28 20:51:58,220 - INFO - Code executed successfully! Results saved to execution_results/Load and analyze file _train.csv_. ___json___  _da
2026-03-28 20:51:58,221 - INFO - [Wrapper] Coder finished. Response:
Current working directory: /home/progifrogi/PycharmProjects/Agentic-Modeling-Operational-Engineering-Beta-Application/data
Files in current directory: ['execution_results', 'train.csv', 'KaggleDescription.txt', 'test.csv']
Missing Values:
 name                   9
_id                    0
host_name             18
location_cluster       0
location               0
lat                    0
lon                    0
type_house             0
sum                    0
min_days               0
amt_reviews            0
last_dt             7502
avg_reviews         7502
total_host             0
target                 0
dtype: int64

Numerical Features Distribution:
                 _id           lat  ...    total_host        target
count  3.667100e+04  36671.000000  ...  36671.000000  36671.000000
mean   6.720433e+07     40.729080  ...      7.047694    112.766628
std    7.828147e+07      0.054671  ...     32.595427    131.583284
min    2.438000e+03     40.499790  ...      1.000000      0.000000
25%    7.780024e+06     40.690090  ...      1.000000      0.000000
50%    3.053256e+07     40.723150  ...      1.000000     45.000000
75%    1.074344e+08     40.763260  ...      2.000000    227.000000
max    2.743213e+08     40.912340  ...    327.000000    365.000000

[8 rows x 9 columns]

Categorical Feature: name
name
New york Multi-unit building                   14
Hillside Hotel                                 14
Private Room                                   11
Brooklyn Apartment                             10
Home away from home                            10
                                               ..
Queen size room in Brooklyn                     1
Beautiful Large Room in Uptown Manhattan        1
Gorgeous 1bd in Trendy Brooklyn!                1
Sunny Modern Lux Private House with Parking     1
Sunny little Nook in NYC!                       1
Name: count, Length: 36076, dtype: int64

Categorical Feature: host_name
host_name
Michael         308
David           306
Sonder (NYC)    238
John            223
Alex            205
               ... 
Amberjade         1
Anais             1
Aitan             1
Ude               1
Constance F.      1
Name: count, Length: 9629, dtype: int64

Categorical Feature: location_cluster
location_cluster
Manhattan        16193
Brooklyn         15069
Queens            4289
Bronx              836
Staten Island      284
Name: count, dtype: int64

Categorical Feature: location
location
Williamsburg          2964
Bedford-Stuyvesant    2755
Harlem                2002
Bushwick              1865
Upper West Side       1498
                      ... 
Woodrow                  1
Willowbrook              1
New Dorp                 1
Howland Hook             1
Rossville                1
Name: count, Length: 220, dtype: int64

Categorical Feature: type_house
type_house
Entire home/apt    19013
Private room       16783
Shared room          875
Name: count, dtype: int64
2026-03-28 20:51:58,221 - INFO - DataWorkerREQUEST: Load and analyze file 'train.csv'. ```json
{
  "data_planner_request": "Perform exploratory data analysis (EDA) on the dataset. Specifically, check for missing values, understand the distribution of numerical features, and analyze categorical variables. Additionally, ensure that the 'last_dt' column is converted to a datetime format if it's not already.",
  "satisfy_rate": 0.8
}
```
2026-03-28 20:51:58,221 - INFO - DataWorkerRESPONSE: Current working directory: /home/progifrogi/PycharmProjects/Agentic-Modeling-Operational-Engineering-Beta-Application/data
Files in current directory: ['execution_results', 'train.csv', 'KaggleDescription.txt', 'test.csv']
Missing Values:
 name                   9
_id                    0
host_name             18
location_cluster       0
location               0
lat                    0
lon                    0
type_house             0
sum                    0
min_days               0
amt_reviews            0
last_dt             7502
avg_reviews         7502
total_host             0
target                 0
dtype: int64

Numerical Features Distribution:
                 _id           lat  ...    total_host        target
count  3.667100e+04  36671.000000  ...  36671.000000  36671.000000
mean   6.720433e+07     40.729080  ...      7.047694    112.766628
std    7.828147e+07      0.054671  ...     32.595427    131.583284
min    2.438000e+03     40.499790  ...      1.000000      0.000000
25%    7.780024e+06     40.690090  ...      1.000000      0.000000
50%    3.053256e+07     40.723150  ...      1.000000     45.000000
75%    1.074344e+08     40.763260  ...      2.000000    227.000000
max    2.743213e+08     40.912340  ...    327.000000    365.000000

[8 rows x 9 columns]

Categorical Feature: name
name
New york Multi-unit building                   14
Hillside Hotel                                 14
Private Room                                   11
Brooklyn Apartment                             10
Home away from home                            10
                                               ..
Queen size room in Brooklyn                     1
Beautiful Large Room in Uptown Manhattan        1
Gorgeous 1bd in Trendy Brooklyn!                1
Sunny Modern Lux Private House with Parking     1
Sunny little Nook in NYC!                       1
Name: count, Length: 36076, dtype: int64

Categorical Feature: host_name
host_name
Michael         308
David           306
Sonder (NYC)    238
John            223
Alex            205
               ... 
Amberjade         1
Anais             1
Aitan             1
Ude               1
Constance F.      1
Name: count, Length: 9629, dtype: int64

Categorical Feature: location_cluster
location_cluster
Manhattan        16193
Brooklyn         15069
Queens            4289
Bronx              836
Staten Island      284
Name: count, dtype: int64

Categorical Feature: location
location
Williamsburg          2964
Bedford-Stuyvesant    2755
Harlem                2002
Bushwick              1865
Upper West Side       1498
                      ... 
Woodrow                  1
Willowbrook              1
New Dorp                 1
Howland Hook             1
Rossville                1
Name: count, Length: 220, dtype: int64

Categorical Feature: type_house
type_house
Entire home/apt    19013
Private room       16783
Shared room          875
Name: count, dtype: int64
