2026-03-28 21:22:40,659 - INFO - AnalyticREQUEST: 
    You are a professional data analyst working with files in the session directory.

    Current session directory: sessions/session_20260328_212240
    Files available: ['train.csv', 'test.csv']

    Dataset info:
    Train data: 36671 rows, 15 columns
    Test data: 12224 rows, 14 columns

    Dataset description from author: 
    Dataset Description
# Files
train.csv - the training set
test.csv - the test set
sample_submission.csv - a sample submission file in the correct format
# Columns
name: название объекта
_id: уникальный идентификатор
host_name: имя владельца или хоста, который предоставляет жилье
location_cluster: кластеризация местоположений (например, группировка объектов по районам или зонам).
location: описание местоположения объекта
lat, lon: широта и долгота местоположения объекта.
type_house: тип жилья
sum: общая стоимость аренды или сумма за определенный период.
min_days: минимальное количество дней для бронирования объекта.
amt_reviews: количество отзывов, оставленных для данного объекта.
last_dt: дата последнего отзыва или последнего бронирования.
avg_reviews: средний рейтинг или среднее количество отзывов за определенный период.
total_host: общее количество объектов, принадлежащих одному хосту
target: целевая переменная

# Overview
Соревнование в рамках курса от МТС. Задача: предсказание дней занятости (или простоя) аренды недвижимости.

# Description
Соревнование по задаче регрессии

# Evaluation
Оценка по метрике MSE

    History:
    It's your first try

    Task: Perform EDA and prepare data for modeling

    IMPORTANT:
    - All your operations should work with files in the session directory
    - You can modify train.csv and test.csv directly
    - The files will be automatically saved after each operation
    - Use the session directory for all file operations
    - The data worker will execute code in the session directory

    Rate your confidence (0-1) that the data is ready for model training.
    If rate > 0.9, we proceed to model training.

    Give response in json with fields:
    - data_planner_request: str with commands for data_worker
    - satisfy_rate: float
    
2026-03-28 21:22:55,374 - INFO - AnalyticRESPONSE: ```json
{
  "data_planner_request": "Perform exploratory data analysis (EDA) on both train.csv and test.csv. Check for missing values, outliers, and the distribution of key features such as 'sum', 'min_days', 'amt_reviews', 'avg_reviews', and 'target'. Also, visualize the relationship between these features and the target variable. Additionally, ensure that all categorical variables are properly encoded (e.g., one-hot encoding or label encoding) and that numerical features are scaled if necessary.",
  "satisfy_rate": 0.7
}
```
2026-03-28 21:22:55,374 - INFO - [Wrapper] Running coder with task:

    Work with files in the session directory: sessions/session_20260328_212240

    Available files: ['train.csv', 'test.csv']

    Task: Perform exploratory data analysis (EDA) on both train.csv and test.csv. Check for missing values, outliers, and the distribution of key features such as 'sum', 'min_days', 'amt_reviews', 'avg_reviews', and 'target'. Also, visualize the relationship between these features and the target variable. Additionally, ensure that all categorical variables are properly encoded (e.g., one-hot encoding or label encoding) and that numerical features are scaled if necessary.

    Instructions:
    1. Load data from the session directory files (train.csv, test.csv)
    2. Perform required transformations
    3. Save the processed data back to the same files (overwrite)
    4. You can create additional files if needed (they will be saved in the session directory)

    Important:
    - All file operations should use paths relative to the session directory
    - The session directory is: sessions/session_20260328_212240
    - You can use: pd.read_csv('train.csv') - it will work from the session directory
    - After processing, save back using: df.to_csv('train.csv', index=False)

    The system will automatically use the updated files for the next steps.
    
2026-03-28 21:23:05,778 - INFO - Coder Request: 
    Write Python code for the following task:

    Work with files in the session directory: sessions/session_20260328_212240

    Available files: ['train.csv', 'test.csv']

    Task: Perform exploratory data analysis (EDA) on both train.csv and test.csv. Check for missing values, outliers, and the distribution of key features such as 'sum', 'min_days', 'amt_reviews', 'avg_reviews', and 'target'. Also, visualize the relationship between these features and the target variable. Additionally, ensure that all categorical variables are properly encoded (e.g., one-hot encoding or label encoding) and that numerical features are scaled if necessary.

    Instructions:
    1. Load data from the session directory files (train.csv, test.csv)
    2. Perform required transformations
    3. Save the processed data back to the same files (overwrite)
    4. You can create additional files if needed (they will be saved in the session directory)

    Important:
    - All file operations should use paths relative to the session directory
    - The session directory is: sessions/session_20260328_212240
    - You can use: pd.read_csv('train.csv') - it will work from the session directory
    - After processing, save back using: df.to_csv('train.csv', index=False)

    The system will automatically use the updated files for the next steps.
    
Important: When generating code, ensure:
    - Use proper spacing: "import pandas as pd" not "import pandasaspd"
    - Add spaces after commas: "func(arg1, arg2)" not "func(arg1,arg2)"
    - Put each statement on a new line
    - Use proper indentation (4 spaces per level)
    - Ensure the code runs without errors and outputs meaningful results.
    - If using sklearn, use sparse_output=False instead of sparse=False for OneHotEncoder (newer sklearn versions)
    - Use .ravel() when assigning imputed values to avoid dimension issues
    - Don't use matplotlib or seaborn for visualizations
    Output only the code, no explanations.
    
2026-03-28 21:23:05,778 - INFO - Coder Response: import pandas as pd
from sklearn.impute import SimpleImputer
from sklearn.preprocessing import OneHotEncoder, StandardScaler
from sklearn.compose import ColumnTransformer
from sklearn.pipeline import Pipeline

# Load data
train_df = pd.read_csv('train.csv')
test_df = pd.read_csv('test.csv')

# Check for missing values
print("Missing values in train.csv:")
print(train_df.isnull().sum())
print("\nMissing values in test.csv:")
print(test_df.isnull().sum())

# Identify categorical and numerical columns
categorical_cols = train_df.select_dtypes(include=['object']).columns.tolist()
numerical_cols = train_df.select_dtypes(exclude=['object']).drop(columns='target').columns.tolist()

# Define preprocessing for numerical data
numerical_transformer = Pipeline(steps=[
    ('imputer', SimpleImputer(strategy='mean')),
    ('scaler', StandardScaler())
])

# Define preprocessing for categorical data
categorical_transformer = Pipeline(steps=[
    ('imputer', SimpleImputer(strategy='most_frequent')),
    ('onehot', OneHotEncoder(handle_unknown='ignore', sparse_output=False))
])

# Bundle preprocessing for numerical and categorical data
preprocessor = ColumnTransformer(
    transformers=[
        ('num', numerical_transformer, numerical_cols),
        ('cat', categorical_transformer, categorical_cols)
    ])

# Apply preprocessing to train and test data
train_df_processed = preprocessor.fit_transform(train_df.drop(columns='target'))
test_df_processed = preprocessor.transform(test_df)

# Create a DataFrame for the processed data
train_df_processed = pd.DataFrame(train_df_processed, columns=preprocessor.get_feature_names_out())
test_df_processed = pd.DataFrame(test_df_processed, columns=preprocessor.get_feature_names_out())

# Add target column back to train data
train_df_processed['target'] = train_df['target']

# Save the processed data back to the same files (overwrite)
train_df_processed.to_csv('train.csv', index=False)
test_df_processed.to_csv('test.csv', index=False)

print("Data processing complete. Files have been overwritten.")
