2026-03-28 01:49:11,514 - INFO - AnalyticREQUEST: 
You are professional data analytic, you must analyze data from dataset, work with it and create plan for data planner.
Data planner - its coder, that listen your commands, create code by it, and return result of output from docker.

Remember, that ALL your actions onto dataset will save

Initial information:
1. Description of dataset from author: 
Dataset Description
# Files
train.csv - the training set
test.csv - the test set
sample_submission.csv - a sample submission file in the correct format
# Columns
name: название объекта
_id: уникальный идентификатор
host_name: имя владельца или хоста, который предоставляет жилье
location_cluster: кластеризация местоположений (например, группировка объектов по районам или зонам).
location: описание местоположения объекта
lat, lon: широта и долгота местоположения объекта.
type_house: тип жилья
sum: общая стоимость аренды или сумма за определенный период.
min_days: минимальное количество дней для бронирования объекта.
amt_reviews: количество отзывов, оставленных для данного объекта.
last_dt: дата последнего отзыва или последнего бронирования.
avg_reviews: средний рейтинг или среднее количество отзывов за определенный период.
total_host: общее количество объектов, принадлежащих одному хосту
target: целевая переменная

# Overview
Соревнование в рамках курса от МТС. Задача: предсказание дней занятости (или простоя) аренды недвижимости.

# Description
Соревнование по задаче регрессии

# Evaluation
Оценка по метрике MSE

2. result of df.info:
<class 'pandas.core.frame.DataFrame'>
RangeIndex: 36671 entries, 0 to 36670
Data columns (total 15 columns):
 #   Column            Non-Null Count  Dtype  
---  ------            --------------  -----  
 0   name              36662 non-null  object 
 1   _id               36671 non-null  int64  
 2   host_name         36653 non-null  object 
 3   location_cluster  36671 non-null  object 
 4   location          36671 non-null  object 
 5   lat               36671 non-null  float64
 6   lon               36671 non-null  float64
 7   type_house        36671 non-null  object 
 8   sum               36671 non-null  int64  
 9   min_days          36671 non-null  int64  
 10  amt_reviews       36671 non-null  int64  
 11  last_dt           29169 non-null  object 
 12  avg_reviews       29169 non-null  float64
 13  total_host        36671 non-null  int64  
 14  target            36671 non-null  int64  
dtypes: float64(3), int64(6), object(6)
memory usage: 4.2+ MB


3. Some initial string from dataset:
                                                name  ...  target
0          Belle Harbor 4 BR 2 bath- 1 bl from Beach  ...     334
1                        Come see Brooklyn, New York  ...       0
2            Large 2Br on W71st & Columbus Feb 19-28  ...       0
3  Perfect bedroom. Near Subways Columbia CityCol...  ...       0
4  Cozy Sun Filled Fresh Guest Room in Artsy Bush...  ...     155

[5 rows x 15 columns]

4. Data size:
36671

IMPORTANT RULES:
1. Generate a detailed, step-by-step plan with SPECIFIC operations
2. Include exact column names from the dataset
3. Specify what to do with missing values (which columns, how to handle)
4. Specify what to do with outliers (which columns, thresholds)
5. Include feature engineering steps if relevant
6. Your plan should be executable by a coder as Python code

EXAMPLE of good plan:
"1. Load train.csv using pd.read_csv('train.csv')
2. Check missing values: 
   - For 'last_dt' column (7512 missing values): fill with median date or create indicator column
   - For 'avg_reviews' column (7512 missing values): fill with median
3. Convert 'last_dt' to datetime and extract year, month, day features
4. Check for outliers in 'sum' column using IQR method (Q1-1.5*IQR, Q3+1.5*IQR)
5. Create new features: 
   - 'price_per_day' = sum / min_days
   - 'has_reviews' = (amt_reviews > 0).astype(int)
6. Save processed data to 'data/processed_train.csv'"


Your previous attempts and responses from worker:
It's your first try

Name of file:
train.csv
Really important provide name of file to coder!
Generate a JSON response with:
- data_planner_request: your detailed step-by-step plan (as a single string with numbered steps)
- satisfy_rate: float (0.0-1.0) - only set >0.9 when data is fully cleaned and ready for modeling

Addition: Perform EDA
2026-03-28 01:51:20,757 - INFO - AnalyticRESPONSE: 
2026-03-28 01:51:20,757 - INFO - [Wrapper] Running coder with task:
Load and analyze file 'train.csv'. 
2026-03-28 01:51:36,073 - INFO - Coder Request: 
You are professional python-coder.
Write Python code for the following task:
Load and analyze file 'train.csv'. 

Important: When generating code, ensure:
- Use proper spacing: "import pandas as pd" not "import pandasaspd"
- Add spaces after commas: "func(arg1, arg2)" not "func(arg1,arg2)"
- Put each statement on a new line
- Use proper indentation (4 spaces per level)
- Ensure the code runs without errors and outputs meaningful results.
Output only the code, no explanations.
Dont make syntactic mistakes

2026-03-28 01:51:36,073 - INFO - Coder Response: import pandas as pd

# Load the CSV file into a DataFrame
train_data = pd.read_csv('train.csv')

# Display the first few rows of the DataFrame
print(train_data.head())

# Get basic information about the dataset
print(train_data.info())

# Summary statistics for numerical columns
print(train_data.describe())

# Check for missing values in each column
print(train_data.isnull().sum())

# Get a count of unique values in categorical columns
for column in train_data.select_dtypes(include=['object']).columns:
    print(f"Unique values in {column}:")
    print(train_data[column].value_counts())
2026-03-28 01:51:36,783 - INFO - Code executed successfully!
2026-03-28 01:51:36,783 - INFO - [Wrapper] Coder finished. Response:
                                                name  ...  target
0          Belle Harbor 4 BR 2 bath- 1 bl from Beach  ...     334
1                        Come see Brooklyn, New York  ...       0
2            Large 2Br on W71st & Columbus Feb 19-28  ...       0
3  Perfect bedroom. Near Subways Columbia CityCol...  ...       0
4  Cozy Sun Filled Fresh Guest Room in Artsy Bush...  ...     155

[5 rows x 15 columns]
<class 'pandas.core.frame.DataFrame'>
RangeIndex: 36671 entries, 0 to 36670
Data columns (total 15 columns):
 #   Column            Non-Null Count  Dtype  
---  ------            --------------  -----  
 0   name              36662 non-null  object 
 1   _id               36671 non-null  int64  
 2   host_name         36653 non-null  object 
 3   location_cluster  36671 non-null  object 
 4   location          36671 non-null  object 
 5   lat               36671 non-null  float64
 6   lon               36671 non-null  float64
 7   type_house        36671 non-null  object 
 8   sum               36671 non-null  int64  
 9   min_days          36671 non-null  int64  
 10  amt_reviews       36671 non-null  int64  
 11  last_dt           29169 non-null  object 
 12  avg_reviews       29169 non-null  float64
 13  total_host        36671 non-null  int64  
 14  target            36671 non-null  int64  
dtypes: float64(3), int64(6), object(6)
memory usage: 4.2+ MB
None
                _id           lat  ...    total_host        target
count  3.667100e+04  36671.000000  ...  36671.000000  36671.000000
mean   6.720433e+07     40.729080  ...      7.047694    112.766628
std    7.828147e+07      0.054671  ...     32.595427    131.583284
min    2.438000e+03     40.499790  ...      1.000000      0.000000
25%    7.780024e+06     40.690090  ...      1.000000      0.000000
50%    3.053256e+07     40.723150  ...      1.000000     45.000000
75%    1.074344e+08     40.763260  ...      2.000000    227.000000
max    2.743213e+08     40.912340  ...    327.000000    365.000000

[8 rows x 9 columns]
name                   9
_id                    0
host_name             18
location_cluster       0
location               0
lat                    0
lon                    0
type_house             0
sum                    0
min_days               0
amt_reviews            0
last_dt             7502
avg_reviews         7502
total_host             0
target                 0
dtype: int64
Unique values in name:
name
New york Multi-unit building                         14
Hillside Hotel                                       14
Private Room                                         11
Home away from home                                  10
Brooklyn Apartment                                   10
                                                     ..
A Room in Park Slope                                  1
Private bed/ bath in classic Upper West Side apt.     1
Nice room to rent at Midtown Manhattan                1
Three-story brownstone with garden                    1
Lovely & Cozy Apartment in Queens!                    1
Name: count, Length: 36076, dtype: int64
Unique values in host_name:
host_name
Michael         308
David           306
Sonder (NYC)    238
John            223
Alex            205
               ... 
Taran Pal         1
Erion             1
Ginta             1
Shivangi          1
Tuva              1
Name: count, Length: 9629, dtype: int64
Unique values in location_cluster:
location_cluster
Manhattan        16193
Brooklyn         15069
Queens            4289
Bronx              836
Staten Island      284
Name: count, dtype: int64
Unique values in location:
location
Williamsburg          2964
Bedford-Stuyvesant    2755
Harlem                2002
Bushwick              1865
Upper West Side       1498
                      ... 
Westerleigh              1
Fort Wadsworth           1
New Dorp                 1
Howland Hook             1
Rossville                1
Name: count, Length: 220, dtype: int64
Unique values in type_house:
type_house
Entire home/apt    19013
Private room       16783
Shared room          875
Name: count, dtype: int64
Unique values in last_dt:
last_dt
2019-06-23    1034
2019-07-01    1024
2019-06-30    1012
2019-06-24     668
2019-07-07     524
              ... 
2018-05-01       1
2016-01-23       1
2014-11-06       1
2014-04-20       1
2015-04-14       1
Name: count, Length: 1694, dtype: int64

2026-03-28 01:51:36,783 - INFO - DataWorkerREQUEST: Load and analyze file 'train.csv'. 
2026-03-28 01:51:36,783 - INFO - DataWorkerRESPONSE:                                                 name  ...  target
0          Belle Harbor 4 BR 2 bath- 1 bl from Beach  ...     334
1                        Come see Brooklyn, New York  ...       0
2            Large 2Br on W71st & Columbus Feb 19-28  ...       0
3  Perfect bedroom. Near Subways Columbia CityCol...  ...       0
4  Cozy Sun Filled Fresh Guest Room in Artsy Bush...  ...     155

[5 rows x 15 columns]
<class 'pandas.core.frame.DataFrame'>
RangeIndex: 36671 entries, 0 to 36670
Data columns (total 15 columns):
 #   Column            Non-Null Count  Dtype  
---  ------            --------------  -----  
 0   name              36662 non-null  object 
 1   _id               36671 non-null  int64  
 2   host_name         36653 non-null  object 
 3   location_cluster  36671 non-null  object 
 4   location          36671 non-null  object 
 5   lat               36671 non-null  float64
 6   lon               36671 non-null  float64
 7   type_house        36671 non-null  object 
 8   sum               36671 non-null  int64  
 9   min_days          36671 non-null  int64  
 10  amt_reviews       36671 non-null  int64  
 11  last_dt           29169 non-null  object 
 12  avg_reviews       29169 non-null  float64
 13  total_host        36671 non-null  int64  
 14  target            36671 non-null  int64  
dtypes: float64(3), int64(6), object(6)
memory usage: 4.2+ MB
None
                _id           lat  ...    total_host        target
count  3.667100e+04  36671.000000  ...  36671.000000  36671.000000
mean   6.720433e+07     40.729080  ...      7.047694    112.766628
std    7.828147e+07      0.054671  ...     32.595427    131.583284
min    2.438000e+03     40.499790  ...      1.000000      0.000000
25%    7.780024e+06     40.690090  ...      1.000000      0.000000
50%    3.053256e+07     40.723150  ...      1.000000     45.000000
75%    1.074344e+08     40.763260  ...      2.000000    227.000000
max    2.743213e+08     40.912340  ...    327.000000    365.000000

[8 rows x 9 columns]
name                   9
_id                    0
host_name             18
location_cluster       0
location               0
lat                    0
lon                    0
type_house             0
sum                    0
min_days               0
amt_reviews            0
last_dt             7502
avg_reviews         7502
total_host             0
target                 0
dtype: int64
Unique values in name:
name
New york Multi-unit building                         14
Hillside Hotel                                       14
Private Room                                         11
Home away from home                                  10
Brooklyn Apartment                                   10
                                                     ..
A Room in Park Slope                                  1
Private bed/ bath in classic Upper West Side apt.     1
Nice room to rent at Midtown Manhattan                1
Three-story brownstone with garden                    1
Lovely & Cozy Apartment in Queens!                    1
Name: count, Length: 36076, dtype: int64
Unique values in host_name:
host_name
Michael         308
David           306
Sonder (NYC)    238
John            223
Alex            205
               ... 
Taran Pal         1
Erion             1
Ginta             1
Shivangi          1
Tuva              1
Name: count, Length: 9629, dtype: int64
Unique values in location_cluster:
location_cluster
Manhattan        16193
Brooklyn         15069
Queens            4289
Bronx              836
Staten Island      284
Name: count, dtype: int64
Unique values in location:
location
Williamsburg          2964
Bedford-Stuyvesant    2755
Harlem                2002
Bushwick              1865
Upper West Side       1498
                      ... 
Westerleigh              1
Fort Wadsworth           1
New Dorp                 1
Howland Hook             1
Rossville                1
Name: count, Length: 220, dtype: int64
Unique values in type_house:
type_house
Entire home/apt    19013
Private room       16783
Shared room          875
Name: count, dtype: int64
Unique values in last_dt:
last_dt
2019-06-23    1034
2019-07-01    1024
2019-06-30    1012
2019-06-24     668
2019-07-07     524
              ... 
2018-05-01       1
2016-01-23       1
2014-11-06       1
2014-04-20       1
2015-04-14       1
Name: count, Length: 1694, dtype: int64

