2026-03-28 01:12:33,941 - INFO - AnalyticREQUEST: 
You are professional data analytic, you must analyze data from dataset, work with it and create plan for data planner.
Data planner - its coder, that listen your commands, create code by it, and return result of output from docker.

Remember, that ALL your actions onto dataset will save

Initial information:
1. Description of dataset from author: 
Dataset Description
# Files
train.csv - the training set
test.csv - the test set
sample_submission.csv - a sample submission file in the correct format
# Columns
name: название объекта
_id: уникальный идентификатор
host_name: имя владельца или хоста, который предоставляет жилье
location_cluster: кластеризация местоположений (например, группировка объектов по районам или зонам).
location: описание местоположения объекта
lat, lon: широта и долгота местоположения объекта.
type_house: тип жилья
sum: общая стоимость аренды или сумма за определенный период.
min_days: минимальное количество дней для бронирования объекта.
amt_reviews: количество отзывов, оставленных для данного объекта.
last_dt: дата последнего отзыва или последнего бронирования.
avg_reviews: средний рейтинг или среднее количество отзывов за определенный период.
total_host: общее количество объектов, принадлежащих одному хосту
target: целевая переменная

# Overview
Соревнование в рамках курса от МТС. Задача: предсказание дней занятости (или простоя) аренды недвижимости.

# Description
Соревнование по задаче регрессии

# Evaluation
Оценка по метрике MSE

2. result of df.info:
<class 'pandas.core.frame.DataFrame'>
RangeIndex: 36671 entries, 0 to 36670
Data columns (total 15 columns):
 #   Column            Non-Null Count  Dtype  
---  ------            --------------  -----  
 0   name              36662 non-null  object 
 1   _id               36671 non-null  int64  
 2   host_name         36653 non-null  object 
 3   location_cluster  36671 non-null  object 
 4   location          36671 non-null  object 
 5   lat               36671 non-null  float64
 6   lon               36671 non-null  float64
 7   type_house        36671 non-null  object 
 8   sum               36671 non-null  int64  
 9   min_days          36671 non-null  int64  
 10  amt_reviews       36671 non-null  int64  
 11  last_dt           29169 non-null  object 
 12  avg_reviews       29169 non-null  float64
 13  total_host        36671 non-null  int64  
 14  target            36671 non-null  int64  
dtypes: float64(3), int64(6), object(6)
memory usage: 4.2+ MB


3. Some initial string from dataset:
                                                name  ...  target
0          Belle Harbor 4 BR 2 bath- 1 bl from Beach  ...     334
1                        Come see Brooklyn, New York  ...       0
2            Large 2Br on W71st & Columbus Feb 19-28  ...       0
3  Perfect bedroom. Near Subways Columbia CityCol...  ...       0
4  Cozy Sun Filled Fresh Guest Room in Artsy Bush...  ...     155

[5 rows x 15 columns]

4. Data size:
36671

Also you have satisfy_rate - how you estimate your job, where 0 - poor result or you dont start, 1 - you sure on 100% that dataset is ready for learning of model. 
If rate > 0.9 - I move on next stage and give result to model learning stage (you dont get response from your instructions, estimate more than 0.9 only if you sure in data and i can start learn a ML model for competition).
If you dont sure in data, dont work lately with it or want modify df, rate < 0.9
Your previous attempts and responses from worker:
It's your first try

Name of file:
train.csv
Really important provide name of file to coder!
Give response in json with fields:
- data_planner_request: str with commands for data_worker
- satisfy_rate: float
Addition: Perform EDA
2026-03-28 01:12:38,135 - INFO - AnalyticRESPONSE: {
  "data_planner_request": "run_pandas_eda: train_df = read_csv('train.csv'); print(train_df.info()); target_min, target_max = train_df['target'].min(), train_df['target'].max(); print('Target range:', target_min, target_max); print('Target counts:', train_df['target'].value_counts()); print('Min_days mean:', train_df['min_days'].mean()); print('Avg_reviews mean:', train_df['avg_reviews'].mean()); print('Correlation target-Avg_Reviews:', train_df['target'].corr(train_df['avg_reviews'].fillna(0))); print('Correlation target-sum:', train_df['target'].corr(train_df['sum']))",
  "satisfy_rate": 0.85
}
2026-03-28 01:12:38,136 - INFO - [Wrapper] Running coder with task:
run_pandas_eda: train_df = read_csv('train.csv'); print(train_df.info()); target_min, target_max = train_df['target'].min(), train_df['target'].max(); print('Target range:', target_min, target_max); print('Target counts:', train_df['target'].value_counts()); print('Min_days mean:', train_df['min_days'].mean()); print('Avg_reviews mean:', train_df['avg_reviews'].mean()); print('Correlation target-Avg_Reviews:', train_df['target'].corr(train_df['avg_reviews'].fillna(0))); print('Correlation target-sum:', train_df['target'].corr(train_df['sum']))
2026-03-28 01:12:42,573 - INFO - Coder Request: 
You are professional python-coder.
Write Python code for the following task:
run_pandas_eda: train_df = read_csv('train.csv'); print(train_df.info()); target_min, target_max = train_df['target'].min(), train_df['target'].max(); print('Target range:', target_min, target_max); print('Target counts:', train_df['target'].value_counts()); print('Min_days mean:', train_df['min_days'].mean()); print('Avg_reviews mean:', train_df['avg_reviews'].mean()); print('Correlation target-Avg_Reviews:', train_df['target'].corr(train_df['avg_reviews'].fillna(0))); print('Correlation target-sum:', train_df['target'].corr(train_df['sum']))

Important: When generating code, ensure:
- Use proper spacing: "import pandas as pd" not "import pandasaspd"
- Add spaces after commas: "func(arg1, arg2)" not "func(arg1,arg2)"
- Put each statement on a new line
- Use proper indentation (4 spaces per level)
- Ensure the code runs without errors and outputs meaningful results.
Output only the code, no explanations.
Dont make syntactic mistakes

2026-03-28 01:12:42,574 - INFO - Coder Response: import pandas as pd

def run_pandas_eda():
    train_df = pd.read_csv('train.csv')
    
    print(train_df.info())
    
    target_min, target_max = train_df['target'].min(), train_df['target'].max()
    print('Target range:', target_min, target_max)
    
    print('Target counts:')
    print(train_df['target'].value_counts())
    
    print('Min_days mean:', train_df['min_days'].mean())
    
    print('Avg_reviews mean:', train_df['avg_reviews'].mean())
    
    print('Correlation target-Avg_Reviews:', train_df['target'].corr(train_df['avg_reviews'].fillna(0)))
    
    print('Correlation target-sum:', train_df['target'].corr(train_df['sum']))

run_pandas_eda()
