2026-03-28 20:49:35,637 - INFO - AnalyticREQUEST: 
You are professional data analytic, you must analyze data from dataset, work with it and create plan for data planner.
Data planner - its coder, that listen your commands, create code by it, and return result of output from docker.

Remember, that ALL your actions onto dataset will save

Initial information:
1. Description of dataset from author: 
Dataset Description
# Files
train.csv - the training set
test.csv - the test set
sample_submission.csv - a sample submission file in the correct format
# Columns
name: название объекта
_id: уникальный идентификатор
host_name: имя владельца или хоста, который предоставляет жилье
location_cluster: кластеризация местоположений (например, группировка объектов по районам или зонам).
location: описание местоположения объекта
lat, lon: широта и долгота местоположения объекта.
type_house: тип жилья
sum: общая стоимость аренды или сумма за определенный период.
min_days: минимальное количество дней для бронирования объекта.
amt_reviews: количество отзывов, оставленных для данного объекта.
last_dt: дата последнего отзыва или последнего бронирования.
avg_reviews: средний рейтинг или среднее количество отзывов за определенный период.
total_host: общее количество объектов, принадлежащих одному хосту
target: целевая переменная

# Overview
Соревнование в рамках курса от МТС. Задача: предсказание дней занятости (или простоя) аренды недвижимости.

# Description
Соревнование по задаче регрессии

# Evaluation
Оценка по метрике MSE

2. result of df.info:
<class 'pandas.core.frame.DataFrame'>
RangeIndex: 36671 entries, 0 to 36670
Data columns (total 15 columns):
 #   Column            Non-Null Count  Dtype  
---  ------            --------------  -----  
 0   name              36662 non-null  object 
 1   _id               36671 non-null  int64  
 2   host_name         36653 non-null  object 
 3   location_cluster  36671 non-null  object 
 4   location          36671 non-null  object 
 5   lat               36671 non-null  float64
 6   lon               36671 non-null  float64
 7   type_house        36671 non-null  object 
 8   sum               36671 non-null  int64  
 9   min_days          36671 non-null  int64  
 10  amt_reviews       36671 non-null  int64  
 11  last_dt           29169 non-null  object 
 12  avg_reviews       29169 non-null  float64
 13  total_host        36671 non-null  int64  
 14  target            36671 non-null  int64  
dtypes: float64(3), int64(6), object(6)
memory usage: 4.2+ MB


3. Some initial string from dataset:
                                                name  ...  target
0          Belle Harbor 4 BR 2 bath- 1 bl from Beach  ...     334
1                        Come see Brooklyn, New York  ...       0
2            Large 2Br on W71st & Columbus Feb 19-28  ...       0
3  Perfect bedroom. Near Subways Columbia CityCol...  ...       0
4  Cozy Sun Filled Fresh Guest Room in Artsy Bush...  ...     155

[5 rows x 15 columns]

4. Data size:
36671

Also you have satisfy_rate - how you estimate your job, where 0 - poor result or you dont start, 1 - you sure on 100% that you complete and make all for increasing of result. 
If rate > 0.9 - I move on next model and give result to model learning stage (you dont get response from your instructions, estimate more than 0.9 only if you sure in data and i can start learn a ML model for competition).
If you dont sure in data, dont work with it or want modify df, rate < 0.9
Your previous attempts and responses from worker:
It's your first try

Name of file:
train.csv
Really important provide name of file to coder!
Give response in json with fields:
- data_planner_request: str with commands for data_worker
- satisfy_rate: float
Addition: Perform EDA
2026-03-28 20:49:49,292 - INFO - AnalyticRESPONSE: ```json
{
  "data_planner_request": "Please perform exploratory data analysis (EDA) on the dataset. Specifically, check for missing values, visualize distributions of numerical columns, and analyze categorical variables. Additionally, calculate summary statistics for each column to understand their ranges and central tendencies.",
  "satisfy_rate": 0.8
}
```
2026-03-28 20:49:49,292 - INFO - [Wrapper] Running coder with task:
Load and analyze file 'train.csv'. ```json
{
  "data_planner_request": "Please perform exploratory data analysis (EDA) on the dataset. Specifically, check for missing values, visualize distributions of numerical columns, and analyze categorical variables. Additionally, calculate summary statistics for each column to understand their ranges and central tendencies.",
  "satisfy_rate": 0.8
}
```
2026-03-28 20:49:55,818 - INFO - Coder Request: 
    Write Python code for the following task:
Load and analyze file 'train.csv'. ```json
{
  "data_planner_request": "Please perform exploratory data analysis (EDA) on the dataset. Specifically, check for missing values, visualize distributions of numerical columns, and analyze categorical variables. Additionally, calculate summary statistics for each column to understand their ranges and central tendencies.",
  "satisfy_rate": 0.8
}
```
Important: When generating code, ensure:
    - Use proper spacing: "import pandas as pd" not "import pandasaspd"
    - Add spaces after commas: "func(arg1, arg2)" not "func(arg1,arg2)"
    - Put each statement on a new line
    - Use proper indentation (4 spaces per level)
    - Ensure the code runs without errors and outputs meaningful results.
    Output only the code, no explanations.
    
2026-03-28 20:49:55,818 - INFO - Coder Response: import pandas as pd
import matplotlib.pyplot as plt
import seaborn as sns

# Load the dataset
train_data = pd.read_csv('train.csv')

# Check for missing values
missing_values = train_data.isnull().sum()
print("Missing Values:\n", missing_values)

# Calculate summary statistics
summary_stats = train_data.describe(include='all')
print("\nSummary Statistics:\n", summary_stats)

# Visualize distributions of numerical columns
numerical_columns = train_data.select_dtypes(include=['int64', 'float64']).columns
for column in numerical_columns:
    plt.figure(figsize=(8, 6))
    sns.histplot(train_data[column], bins=30, kde=True)
    plt.title(f'Distribution of {column}')
    plt.xlabel(column)
    plt.ylabel('Frequency')
    plt.show()

# Analyze categorical variables
categorical_columns = train_data.select_dtypes(include=['object', 'category']).columns
for column in categorical_columns:
    plt.figure(figsize=(10, 6))
    sns.countplot(y=train_data[column], order=train_data[column].value_counts().index)
    plt.title(f'Count of {column}')
    plt.xlabel('Count')
    plt.ylabel(column)
    plt.show()
2026-03-28 20:49:56,023 - INFO - Code executed unsuccessfully: Traceback (most recent call last):
  File "/tmp/tmpitfmlfgf.py", line 23, in <module>
    import matplotlib.pyplot as plt
ModuleNotFoundError: No module named 'matplotlib'
2026-03-28 20:50:02,203 - INFO - Coder Request: The following code had an error:
import pandas as pd
import matplotlib.pyplot as plt
import seaborn as sns

# Load the dataset
train_data = pd.read_csv('train.csv')

# Check for missing values
missing_values = train_data.isnull().sum()
print("Missing Values:\n", missing_values)

# Calculate summary statistics
summary_stats = train_data.describe(include='all')
print("\nSummary Statistics:\n", summary_stats)

# Visualize distributions of numerical columns
numerical_columns = train_data.select_dtypes(include=['int64', 'float64']).columns
for column in numerical_columns:
    plt.figure(figsize=(8, 6))
    sns.histplot(train_data[column], bins=30, kde=True)
    plt.title(f'Distribution of {column}')
    plt.xlabel(column)
    plt.ylabel('Frequency')
    plt.show()

# Analyze categorical variables
categorical_columns = train_data.select_dtypes(include=['object', 'category']).columns
for column in categorical_columns:
    plt.figure(figsize=(10, 6))
    sns.countplot(y=train_data[column], order=train_data[column].value_counts().index)
    plt.title(f'Count of {column}')
    plt.xlabel('Count')
    plt.ylabel(column)
    plt.show()
Error: Traceback (most recent call last):
  File "/tmp/tmpitfmlfgf.py", line 23, in <module>
    import matplotlib.pyplot as plt
ModuleNotFoundError: No module named 'matplotlib'
Please provide correct code. Output only the code, no explanations.

2026-03-28 20:50:02,203 - INFO - Coder Response: import pandas as pd
import seaborn as sns

# Load the dataset
train_data = pd.read_csv('train.csv')

# Check for missing values
missing_values = train_data.isnull().sum()
print("Missing Values:\n", missing_values)

# Calculate summary statistics
summary_stats = train_data.describe(include='all')
print("\nSummary Statistics:\n", summary_stats)

# Visualize distributions of numerical columns
numerical_columns = train_data.select_dtypes(include=['int64', 'float64']).columns
for column in numerical_columns:
    plt.figure(figsize=(8, 6))
    sns.histplot(train_data[column], bins=30, kde=True)
    plt.title(f'Distribution of {column}')
    plt.xlabel(column)
    plt.ylabel('Frequency')
    plt.show()

# Analyze categorical variables
categorical_columns = train_data.select_dtypes(include=['object', 'category']).columns
for column in categorical_columns:
    plt.figure(figsize=(10, 6))
    sns.countplot(y=train_data[column], order=train_data[column].value_counts().index)
    plt.title(f'Count of {column}')
    plt.xlabel('Count')
    plt.ylabel(column)
    plt.show()
2026-03-28 20:50:02,414 - INFO - Code executed unsuccessfully: Traceback (most recent call last):
  File "/tmp/tmpwr1gnfav.py", line 23, in <module>
    import seaborn as sns
ModuleNotFoundError: No module named 'seaborn'
2026-03-28 20:50:09,467 - INFO - Coder Request: The following code had an error:
import pandas as pd
import seaborn as sns

# Load the dataset
train_data = pd.read_csv('train.csv')

# Check for missing values
missing_values = train_data.isnull().sum()
print("Missing Values:\n", missing_values)

# Calculate summary statistics
summary_stats = train_data.describe(include='all')
print("\nSummary Statistics:\n", summary_stats)

# Visualize distributions of numerical columns
numerical_columns = train_data.select_dtypes(include=['int64', 'float64']).columns
for column in numerical_columns:
    plt.figure(figsize=(8, 6))
    sns.histplot(train_data[column], bins=30, kde=True)
    plt.title(f'Distribution of {column}')
    plt.xlabel(column)
    plt.ylabel('Frequency')
    plt.show()

# Analyze categorical variables
categorical_columns = train_data.select_dtypes(include=['object', 'category']).columns
for column in categorical_columns:
    plt.figure(figsize=(10, 6))
    sns.countplot(y=train_data[column], order=train_data[column].value_counts().index)
    plt.title(f'Count of {column}')
    plt.xlabel('Count')
    plt.ylabel(column)
    plt.show()
Error: Traceback (most recent call last):
  File "/tmp/tmpwr1gnfav.py", line 23, in <module>
    import seaborn as sns
ModuleNotFoundError: No module named 'seaborn'
Please provide correct code. Output only the code, no explanations.

2026-03-28 20:50:09,467 - INFO - Coder Response: import pandas as pd
import matplotlib.pyplot as plt

# Load the dataset
train_data = pd.read_csv('train.csv')

# Check for missing values
missing_values = train_data.isnull().sum()
print("Missing Values:\n", missing_values)

# Calculate summary statistics
summary_stats = train_data.describe(include='all')
print("\nSummary Statistics:\n", summary_stats)

# Visualize distributions of numerical columns
numerical_columns = train_data.select_dtypes(include=['int64', 'float64']).columns
for column in numerical_columns:
    plt.figure(figsize=(8, 6))
    sns.histplot(train_data[column], bins=30, kde=True)
    plt.title(f'Distribution of {column}')
    plt.xlabel(column)
    plt.ylabel('Frequency')
    plt.show()

# Analyze categorical variables
categorical_columns = train_data.select_dtypes(include=['object', 'category']).columns
for column in categorical_columns:
    plt.figure(figsize=(10, 6))
    sns.countplot(y=train_data[column], order=train_data[column].value_counts().index)
    plt.title(f'Count of {column}')
    plt.xlabel('Count')
    plt.ylabel(column)
    plt.show()
2026-03-28 20:50:09,673 - INFO - Code executed unsuccessfully: Traceback (most recent call last):
  File "/tmp/tmppnxw_h2a.py", line 23, in <module>
    import matplotlib.pyplot as plt
ModuleNotFoundError: No module named 'matplotlib'
2026-03-28 20:50:09,674 - INFO - [Wrapper] Coder finished. Response:
Error: Traceback (most recent call last):
  File "/tmp/tmppnxw_h2a.py", line 23, in <module>
    import matplotlib.pyplot as plt
ModuleNotFoundError: No module named 'matplotlib'
2026-03-28 20:50:09,674 - INFO - DataWorkerREQUEST: Load and analyze file 'train.csv'. ```json
{
  "data_planner_request": "Please perform exploratory data analysis (EDA) on the dataset. Specifically, check for missing values, visualize distributions of numerical columns, and analyze categorical variables. Additionally, calculate summary statistics for each column to understand their ranges and central tendencies.",
  "satisfy_rate": 0.8
}
```
2026-03-28 20:50:09,674 - INFO - DataWorkerRESPONSE: Error: Traceback (most recent call last):
  File "/tmp/tmppnxw_h2a.py", line 23, in <module>
    import matplotlib.pyplot as plt
ModuleNotFoundError: No module named 'matplotlib'
