2026-03-28 21:00:10,284 - INFO - AnalyticREQUEST: 
You are professional data analytic, you must analyze data from dataset, work with it and create plan for data planner.
Data planner - its coder, that listen your commands, create code by it, and return result of output from docker.

Remember, that ALL your actions onto dataset will save

Initial information:
1. Description of dataset from author: 
Dataset Description
# Files
train.csv - the training set
test.csv - the test set
sample_submission.csv - a sample submission file in the correct format
# Columns
name: название объекта
_id: уникальный идентификатор
host_name: имя владельца или хоста, который предоставляет жилье
location_cluster: кластеризация местоположений (например, группировка объектов по районам или зонам).
location: описание местоположения объекта
lat, lon: широта и долгота местоположения объекта.
type_house: тип жилья
sum: общая стоимость аренды или сумма за определенный период.
min_days: минимальное количество дней для бронирования объекта.
amt_reviews: количество отзывов, оставленных для данного объекта.
last_dt: дата последнего отзыва или последнего бронирования.
avg_reviews: средний рейтинг или среднее количество отзывов за определенный период.
total_host: общее количество объектов, принадлежащих одному хосту
target: целевая переменная

# Overview
Соревнование в рамках курса от МТС. Задача: предсказание дней занятости (или простоя) аренды недвижимости.

# Description
Соревнование по задаче регрессии

# Evaluation
Оценка по метрике MSE

2. result of df.info:
<class 'pandas.core.frame.DataFrame'>
RangeIndex: 36671 entries, 0 to 36670
Data columns (total 15 columns):
 #   Column            Non-Null Count  Dtype  
---  ------            --------------  -----  
 0   name              36662 non-null  object 
 1   _id               36671 non-null  int64  
 2   host_name         36653 non-null  object 
 3   location_cluster  36671 non-null  object 
 4   location          36671 non-null  object 
 5   lat               36671 non-null  float64
 6   lon               36671 non-null  float64
 7   type_house        36671 non-null  object 
 8   sum               36671 non-null  int64  
 9   min_days          36671 non-null  int64  
 10  amt_reviews       36671 non-null  int64  
 11  last_dt           29169 non-null  object 
 12  avg_reviews       29169 non-null  float64
 13  total_host        36671 non-null  int64  
 14  target            36671 non-null  int64  
dtypes: float64(3), int64(6), object(6)
memory usage: 4.2+ MB


3. Some initial string from dataset:
                                                name  ...  target
0          Belle Harbor 4 BR 2 bath- 1 bl from Beach  ...     334
1                        Come see Brooklyn, New York  ...       0
2            Large 2Br on W71st & Columbus Feb 19-28  ...       0
3  Perfect bedroom. Near Subways Columbia CityCol...  ...       0
4  Cozy Sun Filled Fresh Guest Room in Artsy Bush...  ...     155

[5 rows x 15 columns]

4. Data size:
36671

Also you have satisfy_rate - how you estimate your job, where 0 - poor result or you dont start, 1 - you sure on 100% that you complete and make all for increasing of result. 
If rate > 0.9 - I move on next model and give result to model learning stage (you dont get response from your instructions, estimate more than 0.9 only if you sure in data and i can start learn a ML model for competition).
If you dont sure in data, dont work with it or want modify df, rate < 0.9
Your previous attempts and responses from worker:
It's your first try

Dont add any graphics, its useless: you haven't eyes, only output

Name of file:
train.csv
Really important provide name of file to coder!

Give response in json with fields:
- data_planner_request: str with commands for data_worker
- satisfy_rate: float
Dont add ```json in begin and ``` in end
Addition: Perform EDA
2026-03-28 21:00:12,847 - INFO - AnalyticRESPONSE: {
  "data_planner_request": "Perform exploratory data analysis (EDA) on the dataset. Specifically, check for missing values, understand the distribution of numerical features, analyze categorical variables, and identify any potential outliers or anomalies. Additionally, calculate summary statistics for each feature to gain insights into their distributions and relationships with the target variable.",
  "satisfy_rate": 0.8
}
2026-03-28 21:00:12,847 - INFO - [Wrapper] Running coder with task:
Load and analyze file 'train.csv'. Perform exploratory data analysis (EDA) on the dataset. Specifically, check for missing values, understand the distribution of numerical features, analyze categorical variables, and identify any potential outliers or anomalies. Additionally, calculate summary statistics for each feature to gain insights into their distributions and relationships with the target variable.
2026-03-28 21:00:19,580 - INFO - Coder Request: 
    Write Python code for the following task:
Load and analyze file 'train.csv'. Perform exploratory data analysis (EDA) on the dataset. Specifically, check for missing values, understand the distribution of numerical features, analyze categorical variables, and identify any potential outliers or anomalies. Additionally, calculate summary statistics for each feature to gain insights into their distributions and relationships with the target variable.
Important: When generating code, ensure:
    - Use proper spacing: "import pandas as pd" not "import pandasaspd"
    - Add spaces after commas: "func(arg1, arg2)" not "func(arg1,arg2)"
    - Put each statement on a new line
    - Use proper indentation (4 spaces per level)
    - Ensure the code runs without errors and outputs meaningful results.
    Output only the code, no explanations.
    Dont use matplotlib and seaborn
    
2026-03-28 21:00:19,580 - INFO - Coder Response: import pandas as pd

# Load the dataset
train_data = pd.read_csv('train.csv')

# Check for missing values
missing_values = train_data.isnull().sum()
print("Missing Values:\n", missing_values)

# Summary statistics for numerical features
numerical_features = train_data.select_dtypes(include=['int64', 'float64'])
summary_stats_numerical = numerical_features.describe()
print("\nSummary Statistics for Numerical Features:\n", summary_stats_numerical)

# Analyze categorical variables
categorical_features = train_data.select_dtypes(include=['object'])
for feature in categorical_features.columns:
    print(f"\n{feature} Value Counts:\n", train_data[feature].value_counts())

# Identify potential outliers or anomalies using IQR for numerical features
Q1 = numerical_features.quantile(0.25)
Q3 = numerical_features.quantile(0.75)
IQR = Q3 - Q1

outliers = ((numerical_features < (Q1 - 1.5 * IQR)) | (numerical_features > (Q3 + 1.5 * IQR))).sum()
print("\nPotential Outliers:\n", outliers)

# Calculate summary statistics for each feature
summary_stats_all = train_data.describe(include='all')
print("\nSummary Statistics for All Features:\n", summary_stats_all)
2026-03-28 21:00:19,918 - INFO - Code executed successfully! Results saved to execution_results/Load and analyze file _train.csv_. Perform explora
2026-03-28 21:00:19,918 - INFO - [Wrapper] Coder finished. Response:
Current working directory: /home/progifrogi/PycharmProjects/Agentic-Modeling-Operational-Engineering-Beta-Application/data
Files in current directory: ['execution_results', 'train.csv', 'KaggleDescription.txt', 'test.csv']
Missing Values:
 name                   9
_id                    0
host_name             18
location_cluster       0
location               0
lat                    0
lon                    0
type_house             0
sum                    0
min_days               0
amt_reviews            0
last_dt             7502
avg_reviews         7502
total_host             0
target                 0
dtype: int64

Summary Statistics for Numerical Features:
                 _id           lat  ...    total_host        target
count  3.667100e+04  36671.000000  ...  36671.000000  36671.000000
mean   6.720433e+07     40.729080  ...      7.047694    112.766628
std    7.828147e+07      0.054671  ...     32.595427    131.583284
min    2.438000e+03     40.499790  ...      1.000000      0.000000
25%    7.780024e+06     40.690090  ...      1.000000      0.000000
50%    3.053256e+07     40.723150  ...      1.000000     45.000000
75%    1.074344e+08     40.763260  ...      2.000000    227.000000
max    2.743213e+08     40.912340  ...    327.000000    365.000000

[8 rows x 9 columns]

name Value Counts:
 name
New york Multi-unit building                   14
Hillside Hotel                                 14
Private Room                                   11
Brooklyn Apartment                             10
Home away from home                            10
                                               ..
Queen size room in Brooklyn                     1
Beautiful Large Room in Uptown Manhattan        1
Gorgeous 1bd in Trendy Brooklyn!                1
Sunny Modern Lux Private House with Parking     1
Sunny little Nook in NYC!                       1
Name: count, Length: 36076, dtype: int64

host_name Value Counts:
 host_name
Michael         308
David           306
Sonder (NYC)    238
John            223
Alex            205
               ... 
Amberjade         1
Anais             1
Aitan             1
Ude               1
Constance F.      1
Name: count, Length: 9629, dtype: int64

location_cluster Value Counts:
 location_cluster
Manhattan        16193
Brooklyn         15069
Queens            4289
Bronx              836
Staten Island      284
Name: count, dtype: int64

location Value Counts:
 location
Williamsburg          2964
Bedford-Stuyvesant    2755
Harlem                2002
Bushwick              1865
Upper West Side       1498
                      ... 
Woodrow                  1
Willowbrook              1
New Dorp                 1
Howland Hook             1
Rossville                1
Name: count, Length: 220, dtype: int64

type_house Value Counts:
 type_house
Entire home/apt    19013
Private room       16783
Shared room          875
Name: count, dtype: int64

last_dt Value Counts:
 last_dt
2019-06-23    1034
2019-07-01    1024
2019-06-30    1012
2019-06-24     668
2019-07-07     524
              ... 
2014-08-16       1
2012-11-01       1
2014-05-24       1
2012-12-12       1
2014-09-03       1
Name: count, Length: 1694, dtype: int64

Potential Outliers:
 _id            1103
lat             326
lon            2135
sum            2216
min_days       4920
amt_reviews    4557
avg_reviews    1342
total_host     5330
target            0
dtype: int64

Summary Statistics for All Features:
                                 name           _id  ...    total_host        target
count                          36662  3.667100e+04  ...  36671.000000  36671.000000
unique                         36076           NaN  ...           NaN           NaN
top     New york Multi-unit building           NaN  ...           NaN           NaN
freq                              14           NaN  ...           NaN           NaN
mean                             NaN  6.720433e+07  ...      7.047694    112.766628
std                              NaN  7.828147e+07  ...     32.595427    131.583284
min                              NaN  2.438000e+03  ...      1.000000      0.000000
25%                              NaN  7.780024e+06  ...      1.000000      0.000000
50%                              NaN  3.053256e+07  ...      1.000000     45.000000
75%                              NaN  1.074344e+08  ...      2.000000    227.000000
max                              NaN  2.743213e+08  ...    327.000000    365.000000

[11 rows x 15 columns]
2026-03-28 21:00:19,918 - INFO - DataWorkerREQUEST: Load and analyze file 'train.csv'. Perform exploratory data analysis (EDA) on the dataset. Specifically, check for missing values, understand the distribution of numerical features, analyze categorical variables, and identify any potential outliers or anomalies. Additionally, calculate summary statistics for each feature to gain insights into their distributions and relationships with the target variable.
2026-03-28 21:00:19,918 - INFO - DataWorkerRESPONSE: Current working directory: /home/progifrogi/PycharmProjects/Agentic-Modeling-Operational-Engineering-Beta-Application/data
Files in current directory: ['execution_results', 'train.csv', 'KaggleDescription.txt', 'test.csv']
Missing Values:
 name                   9
_id                    0
host_name             18
location_cluster       0
location               0
lat                    0
lon                    0
type_house             0
sum                    0
min_days               0
amt_reviews            0
last_dt             7502
avg_reviews         7502
total_host             0
target                 0
dtype: int64

Summary Statistics for Numerical Features:
                 _id           lat  ...    total_host        target
count  3.667100e+04  36671.000000  ...  36671.000000  36671.000000
mean   6.720433e+07     40.729080  ...      7.047694    112.766628
std    7.828147e+07      0.054671  ...     32.595427    131.583284
min    2.438000e+03     40.499790  ...      1.000000      0.000000
25%    7.780024e+06     40.690090  ...      1.000000      0.000000
50%    3.053256e+07     40.723150  ...      1.000000     45.000000
75%    1.074344e+08     40.763260  ...      2.000000    227.000000
max    2.743213e+08     40.912340  ...    327.000000    365.000000

[8 rows x 9 columns]

name Value Counts:
 name
New york Multi-unit building                   14
Hillside Hotel                                 14
Private Room                                   11
Brooklyn Apartment                             10
Home away from home                            10
                                               ..
Queen size room in Brooklyn                     1
Beautiful Large Room in Uptown Manhattan        1
Gorgeous 1bd in Trendy Brooklyn!                1
Sunny Modern Lux Private House with Parking     1
Sunny little Nook in NYC!                       1
Name: count, Length: 36076, dtype: int64

host_name Value Counts:
 host_name
Michael         308
David           306
Sonder (NYC)    238
John            223
Alex            205
               ... 
Amberjade         1
Anais             1
Aitan             1
Ude               1
Constance F.      1
Name: count, Length: 9629, dtype: int64

location_cluster Value Counts:
 location_cluster
Manhattan        16193
Brooklyn         15069
Queens            4289
Bronx              836
Staten Island      284
Name: count, dtype: int64

location Value Counts:
 location
Williamsburg          2964
Bedford-Stuyvesant    2755
Harlem                2002
Bushwick              1865
Upper West Side       1498
                      ... 
Woodrow                  1
Willowbrook              1
New Dorp                 1
Howland Hook             1
Rossville                1
Name: count, Length: 220, dtype: int64

type_house Value Counts:
 type_house
Entire home/apt    19013
Private room       16783
Shared room          875
Name: count, dtype: int64

last_dt Value Counts:
 last_dt
2019-06-23    1034
2019-07-01    1024
2019-06-30    1012
2019-06-24     668
2019-07-07     524
              ... 
2014-08-16       1
2012-11-01       1
2014-05-24       1
2012-12-12       1
2014-09-03       1
Name: count, Length: 1694, dtype: int64

Potential Outliers:
 _id            1103
lat             326
lon            2135
sum            2216
min_days       4920
amt_reviews    4557
avg_reviews    1342
total_host     5330
target            0
dtype: int64

Summary Statistics for All Features:
                                 name           _id  ...    total_host        target
count                          36662  3.667100e+04  ...  36671.000000  36671.000000
unique                         36076           NaN  ...           NaN           NaN
top     New york Multi-unit building           NaN  ...           NaN           NaN
freq                              14           NaN  ...           NaN           NaN
mean                             NaN  6.720433e+07  ...      7.047694    112.766628
std                              NaN  7.828147e+07  ...     32.595427    131.583284
min                              NaN  2.438000e+03  ...      1.000000      0.000000
25%                              NaN  7.780024e+06  ...      1.000000      0.000000
50%                              NaN  3.053256e+07  ...      1.000000     45.000000
75%                              NaN  1.074344e+08  ...      2.000000    227.000000
max                              NaN  2.743213e+08  ...    327.000000    365.000000

[11 rows x 15 columns]
2026-03-28 21:00:23,584 - INFO - AnalyticREQUEST: 
You are professional data analytic, you must analyze data from dataset, work with it and create plan for data planner.
Data planner - its coder, that listen your commands, create code by it, and return result of output from docker.

Remember, that ALL your actions onto dataset will save

Initial information:
1. Description of dataset from author: 
Dataset Description
# Files
train.csv - the training set
test.csv - the test set
sample_submission.csv - a sample submission file in the correct format
# Columns
name: название объекта
_id: уникальный идентификатор
host_name: имя владельца или хоста, который предоставляет жилье
location_cluster: кластеризация местоположений (например, группировка объектов по районам или зонам).
location: описание местоположения объекта
lat, lon: широта и долгота местоположения объекта.
type_house: тип жилья
sum: общая стоимость аренды или сумма за определенный период.
min_days: минимальное количество дней для бронирования объекта.
amt_reviews: количество отзывов, оставленных для данного объекта.
last_dt: дата последнего отзыва или последнего бронирования.
avg_reviews: средний рейтинг или среднее количество отзывов за определенный период.
total_host: общее количество объектов, принадлежащих одному хосту
target: целевая переменная

# Overview
Соревнование в рамках курса от МТС. Задача: предсказание дней занятости (или простоя) аренды недвижимости.

# Description
Соревнование по задаче регрессии

# Evaluation
Оценка по метрике MSE

2. result of df.info:
<class 'pandas.core.frame.DataFrame'>
RangeIndex: 36671 entries, 0 to 36670
Data columns (total 15 columns):
 #   Column            Non-Null Count  Dtype  
---  ------            --------------  -----  
 0   name              36662 non-null  object 
 1   _id               36671 non-null  int64  
 2   host_name         36653 non-null  object 
 3   location_cluster  36671 non-null  object 
 4   location          36671 non-null  object 
 5   lat               36671 non-null  float64
 6   lon               36671 non-null  float64
 7   type_house        36671 non-null  object 
 8   sum               36671 non-null  int64  
 9   min_days          36671 non-null  int64  
 10  amt_reviews       36671 non-null  int64  
 11  last_dt           29169 non-null  object 
 12  avg_reviews       29169 non-null  float64
 13  total_host        36671 non-null  int64  
 14  target            36671 non-null  int64  
dtypes: float64(3), int64(6), object(6)
memory usage: 4.2+ MB


3. Some initial string from dataset:
                                                name  ...  target
0          Belle Harbor 4 BR 2 bath- 1 bl from Beach  ...     334
1                        Come see Brooklyn, New York  ...       0
2            Large 2Br on W71st & Columbus Feb 19-28  ...       0
3  Perfect bedroom. Near Subways Columbia CityCol...  ...       0
4  Cozy Sun Filled Fresh Guest Room in Artsy Bush...  ...     155

[5 rows x 15 columns]

4. Data size:
36671

Also you have satisfy_rate - how you estimate your job, where 0 - poor result or you dont start, 1 - you sure on 100% that you complete and make all for increasing of result. 
If rate > 0.9 - I move on next model and give result to model learning stage (you dont get response from your instructions, estimate more than 0.9 only if you sure in data and i can start learn a ML model for competition).
If you dont sure in data, dont work with it or want modify df, rate < 0.9
Your previous attempts and responses from worker:
DataAnalytic Request: Perform EDA
DataWorker Response: Current working directory: /home/progifrogi/PycharmProjects/Agentic-Modeling-Operational-Engineering-Beta-Application/data
Files in current directory: ['execution_results', 'train.csv', 'KaggleDescription.txt', 'test.csv']
Missing Values:
 name                   9
_id                    0
host_name             18
location_cluster       0
location               0
lat                    0
lon                    0
type_house             0
sum                    0
min_days               0
amt_reviews            0
last_dt             7502
avg_reviews         7502
total_host             0
target                 0
dtype: int64

Summary Statistics for Numerical Features:
                 _id           lat  ...    total_host        target
count  3.667100e+04  36671.000000  ...  36671.000000  36671.000000
mean   6.720433e+07     40.729080  ...      7.047694    112.766628
std    7.828147e+07      0.054671  ...     32.595427    131.583284
min    2.438000e+03     40.499790  ...      1.000000      0.000000
25%    7.780024e+06     40.690090  ...      1.000000      0.000000
50%    3.053256e+07     40.723150  ...      1.000000     45.000000
75%    1.074344e+08     40.763260  ...      2.000000    227.000000
max    2.743213e+08     40.912340  ...    327.000000    365.000000

[8 rows x 9 columns]

name Value Counts:
 name
New york Multi-unit building                   14
Hillside Hotel                                 14
Private Room                                   11
Brooklyn Apartment                             10
Home away from home                            10
                                               ..
Queen size room in Brooklyn                     1
Beautiful Large Room in Uptown Manhattan        1
Gorgeous 1bd in Trendy Brooklyn!                1
Sunny Modern Lux Private House with Parking     1
Sunny little Nook in NYC!                       1
Name: count, Length: 36076, dtype: int64

host_name Value Counts:
 host_name
Michael         308
David           306
Sonder (NYC)    238
John            223
Alex            205
               ... 
Amberjade         1
Anais             1
Aitan             1
Ude               1
Constance F.      1
Name: count, Length: 9629, dtype: int64

location_cluster Value Counts:
 location_cluster
Manhattan        16193
Brooklyn         15069
Queens            4289
Bronx              836
Staten Island      284
Name: count, dtype: int64

location Value Counts:
 location
Williamsburg          2964
Bedford-Stuyvesant    2755
Harlem                2002
Bushwick              1865
Upper West Side       1498
                      ... 
Woodrow                  1
Willowbrook              1
New Dorp                 1
Howland Hook             1
Rossville                1
Name: count, Length: 220, dtype: int64

type_house Value Counts:
 type_house
Entire home/apt    19013
Private room       16783
Shared room          875
Name: count, dtype: int64

last_dt Value Counts:
 last_dt
2019-06-23    1034
2019-07-01    1024
2019-06-30    1012
2019-06-24     668
2019-07-07     524
              ... 
2014-08-16       1
2012-11-01       1
2014-05-24       1
2012-12-12       1
2014-09-03       1
Name: count, Length: 1694, dtype: int64

Potential Outliers:
 _id            1103
lat             326
lon            2135
sum            2216
min_days       4920
amt_reviews    4557
avg_reviews    1342
total_host     5330
target            0
dtype: int64

Summary Statistics for All Features:
                                 name           _id  ...    total_host        target
count                          36662  3.667100e+04  ...  36671.000000  36671.000000
unique                         36076           NaN  ...           NaN           NaN
top     New york Multi-unit building           NaN  ...           NaN           NaN
freq                              14           NaN  ...           NaN           NaN
mean                             NaN  6.720433e+07  ...      7.047694    112.766628
std                              NaN  7.828147e+07  ...     32.595427    131.583284
min                              NaN  2.438000e+03  ...      1.000000      0.000000
25%                              NaN  7.780024e+06  ...      1.000000      0.000000
50%                              NaN  3.053256e+07  ...      1.000000     45.000000
75%                              NaN  1.074344e+08  ...      2.000000    227.000000
max                              NaN  2.743213e+08  ...    327.000000    365.000000

[11 rows x 15 columns]


Dont add any graphics, its useless: you haven't eyes, only output

Name of file:
train.csv
Really important provide name of file to coder!

Give response in json with fields:
- data_planner_request: str with commands for data_worker
- satisfy_rate: float
Dont add ```json in begin and ``` in end

2026-03-28 21:00:23,584 - INFO - AnalyticRESPONSE: {
  "data_planner_request": "Perform EDA on the dataset. Identify and handle missing values, especially in 'last_dt' and 'avg_reviews'. Convert 'last_dt' to datetime format. Check for outliers in numerical features and decide on appropriate handling strategies. Encode categorical variables appropriately. Normalize or standardize numerical features if necessary.",
  "satisfy_rate": 0.85
}
2026-03-28 21:00:23,584 - INFO - Parsed satisfy_rate: 0.85, done: False
2026-03-28 21:00:23,584 - INFO - [Wrapper] Running coder with task:
Load and analyze file 'train.csv'. Perform EDA on the dataset. Identify and handle missing values, especially in 'last_dt' and 'avg_reviews'. Convert 'last_dt' to datetime format. Check for outliers in numerical features and decide on appropriate handling strategies. Encode categorical variables appropriately. Normalize or standardize numerical features if necessary.
