2026-03-28 13:41:00,698 - INFO - AnalyticREQUEST: 
You are professional data analytic, you must analyze data from dataset, work with it and create plan for data planner.
Data planner - its coder, that listen your commands, create code by it, and return result of output from docker.

Remember, that ALL your actions onto dataset will save

Initial information:
1. Description of dataset from author: 
Dataset Description
# Files
train.csv - the training set
test.csv - the test set
sample_submission.csv - a sample submission file in the correct format
# Columns
name: название объекта
_id: уникальный идентификатор
host_name: имя владельца или хоста, который предоставляет жилье
location_cluster: кластеризация местоположений (например, группировка объектов по районам или зонам).
location: описание местоположения объекта
lat, lon: широта и долгота местоположения объекта.
type_house: тип жилья
sum: общая стоимость аренды или сумма за определенный период.
min_days: минимальное количество дней для бронирования объекта.
amt_reviews: количество отзывов, оставленных для данного объекта.
last_dt: дата последнего отзыва или последнего бронирования.
avg_reviews: средний рейтинг или среднее количество отзывов за определенный период.
total_host: общее количество объектов, принадлежащих одному хосту
target: целевая переменная

# Overview
Соревнование в рамках курса от МТС. Задача: предсказание дней занятости (или простоя) аренды недвижимости.

# Description
Соревнование по задаче регрессии

# Evaluation
Оценка по метрике MSE

2. result of df.info:
<class 'pandas.core.frame.DataFrame'>
RangeIndex: 36671 entries, 0 to 36670
Data columns (total 15 columns):
 #   Column            Non-Null Count  Dtype  
---  ------            --------------  -----  
 0   name              36662 non-null  object 
 1   _id               36671 non-null  int64  
 2   host_name         36653 non-null  object 
 3   location_cluster  36671 non-null  object 
 4   location          36671 non-null  object 
 5   lat               36671 non-null  float64
 6   lon               36671 non-null  float64
 7   type_house        36671 non-null  object 
 8   sum               36671 non-null  int64  
 9   min_days          36671 non-null  int64  
 10  amt_reviews       36671 non-null  int64  
 11  last_dt           29169 non-null  object 
 12  avg_reviews       29169 non-null  float64
 13  total_host        36671 non-null  int64  
 14  target            36671 non-null  int64  
dtypes: float64(3), int64(6), object(6)
memory usage: 4.2+ MB


3. Some initial string from dataset:
                                                name  ...  target
0          Belle Harbor 4 BR 2 bath- 1 bl from Beach  ...     334
1                        Come see Brooklyn, New York  ...       0
2            Large 2Br on W71st & Columbus Feb 19-28  ...       0
3  Perfect bedroom. Near Subways Columbia CityCol...  ...       0
4  Cozy Sun Filled Fresh Guest Room in Artsy Bush...  ...     155

[5 rows x 15 columns]

4. Data size:
36671

IMPORTANT RULES:
1. Generate a detailed, step-by-step plan with SPECIFIC operations
2. Include exact column names from the dataset
3. Specify what to do with missing values (which columns, how to handle)
4. Specify what to do with outliers (which columns, thresholds)
5. Include feature engineering steps if relevant
6. Your plan should be executable by a coder as Python code

EXAMPLE of good plan:
"1. Load train.csv using pd.read_csv('train.csv')
2. Check missing values: 
   - For 'last_dt' column (7512 missing values): fill with median date or create indicator column
   - For 'avg_reviews' column (7512 missing values): fill with median
3. Convert 'last_dt' to datetime and extract year, month, day features
4. Check for outliers in 'sum' column using IQR method (Q1-1.5*IQR, Q3+1.5*IQR)
5. Create new features: 
   - 'price_per_day' = sum / min_days
   - 'has_reviews' = (amt_reviews > 0).astype(int)
6. Save processed data to 'data/processed_train.csv'"


Your previous attempts and responses from worker:
It's your first try

Name of file:
train.csv
Really important provide name of file to coder!
Generate a JSON response with:
- data_planner_request: str, your detailed step-by-step plan (as a single string with numbered steps)
- satisfy_rate: float (0.0-1.0) - only set >0.9 when data is fully cleaned and ready for modeling

Addition: 
2026-03-28 13:41:41,138 - INFO - AnalyticRESPONSE: ```json
{
  "data_planner_request": "1. Load train.csv using pd.read_csv('train.csv')\n2. Check missing values: \n   - For 'last_dt' column (7512 missing values): create a binary feature 'is_last_dt_missing' and fill 'last_dt' with the median date from the non-missing values\n   - For 'avg_reviews' column (7512 missing values): create a binary feature 'is_avg_reviews_missing' and fill 'avg_reviews' with the median of the non-missing values\n3. Convert 'last_dt' to datetime and extract the following features: year, month, day, weekday\n4. Check for outliers in 'sum' column using IQR method (Q1-1.5*IQR, Q3+1.5*IQR) and cap the values at the IQR boundaries\n5. Create new features:\n   - 'price_per_day' = sum / min_days\n   - 'log_price_per_day' = np.log(price_per_day) if price_per_day > 0\n   - One-hot encode the following categorical columns: 'type_house', 'location_cluster'\n6. Save processed data to 'data/processed_train.csv'",
  "satisfies": false
}
```
2026-03-28 13:41:41,138 - INFO - [Wrapper] Running coder
2026-03-28 13:42:09,546 - INFO - Coder Request: You are a professional python-coder.
Write Python code for the following task:
Process train.csv file.
Load data from 'data/train.csv'.
Do the following:
1. Load train.csv using pd.read_csv('train.csv')
2. Check missing values: 
   - For 'last_dt' column (7512 missing values): create a binary feature 'is_last_dt_missing' and fill 'last_dt' with the median date from the non-missing values
   - For 'avg_reviews' column (7512 missing values): create a binary feature 'is_avg_reviews_missing' and fill 'avg_reviews' with the median of the non-missing values
3. Convert 'last_dt' to datetime and extract the following features: year, month, day, weekday
4. Check for outliers in 'sum' column using IQR method (Q1-1.5*IQR, Q3+1.5*IQR) and cap the values at the IQR boundaries
5. Create new features:
   - 'price_per_day' = sum / min_days
   - 'log_price_per_day' = np.log(price_per_day) if price_per_day > 0
   - One-hot encode the following categorical columns: 'type_house', 'location_cluster'
6. Save processed data to 'data/processed_train.csv'

Save processed data to 'processed_data/processed_train.csv'.
Create output/analysis.txt with summary.
Use pandas.


IMPORTANT:
- The current directory contains 'train.csv' and 'test.csv'
- Save processed data to 'processed_data/processed_train.csv'
- Create directory if needed: os.makedirs('processed_data', exist_ok=True)
- Save any output/analysis to 'output/analysis.txt'
- Use pandas for data manipulation

Output only the code, no explanations.

2026-03-28 13:42:09,546 - INFO - Coder Response: import pandas as pd
import numpy as np
import os

# Load train.csv
train_df = pd.read_csv('data/train.csv')

# Check missing values and create binary features
train_df['is_last_dt_missing'] = train_df['last_dt'].isnull()
median_last_dt = pd.to_datetime(train_df[train_df['last_dt'].notnull()]['last_dt']).median()
train_df['last_dt'].fillna(median_last_dt, inplace=True)

train_df['is_avg_reviews_missing'] = train_df['avg_reviews'].isnull()
median_avg_reviews = train_df[train_df['avg_reviews'].notnull()]['avg_reviews'].median()
train_df['avg_reviews'].fillna(median_avg_reviews, inplace=True)

# Convert 'last_dt' to datetime and extract features
train_df['last_dt'] = pd.to_datetime(train_df['last_dt'])
train_df['year'] = train_df['last_dt'].dt.year
train_df['month'] = train_df['last_dt'].dt.month
train_df['day'] = train_df['last_dt'].dt.day
train_df['weekday'] = train_df['last_dt'].dt.weekday

# Check for outliers in 'sum' column using IQR method and cap the values
Q1 = train_df['sum'].quantile(0.25)
Q3 = train_df['sum'].quantile(0.75)
IQR = Q3 - Q1
train_df['sum'] = np.where(train_df['sum'] < (Q1 - 1.5 * IQR), (Q1 - 1.5 * IQR),
                          np.where(train_df['sum'] > (Q3 + 1.5 * IQR), (Q3 + 1.5 * IQR), train_df['sum']))

# Create new features
train_df['price_per_day'] = train_df['sum'] / train_df['min_days']
train_df['log_price_per_day'] = np.where(train_df['price_per_day'] > 0, np.log(train_df['price_per_day']), np.nan)

# One-hot encode categorical columns
categorical_columns = ['type_house', 'location_cluster']
train_df = pd.get_dummies(train_df, columns=categorical_columns)

# Save processed data to 'processed_data/processed_train.csv'
os.makedirs('processed_data', exist_ok=True)
train_df.to_csv('processed_data/processed_train.csv', index=False)

# Create output/analysis.txt with summary
with open('output/analysis.txt', 'w') as f:
    f.write("Data Processing Summary:\n")
    f.write(f"Original DataFrame Shape: {train_df.shape}\n")
    f.write("Missing Value Treatment:\n")
    f.write(f"  - 'last_dt': Median filled, {median_last_dt.strftime('%Y-%m-%d')}\n")
    f.write(f"  - 'avg_reviews': Median filled, {median_avg_reviews}\n")
    f.write("Date Features Extracted: year, month, day, weekday\n")
    f.write(f"IQR for 'sum' column:\n")
    f.write(f"  - Q1: {Q1}, Q3: {Q3}, IQR: {IQR}\n")
    f.write("New Features Created: price_per_day, log_price_per_day\n")
    f.write(f"Categorical Columns One-Hot Encoded: {', '.join(categorical_columns)}\n")
2026-03-28 13:42:10,353 - INFO - Code executed successfully!
2026-03-28 13:42:10,354 - INFO - [Wrapper] Output saved to /home/progifrogi/PycharmProjects/Agentic-Modeling-Operational-Engineering-Beta-Application/output/attempt_1.txt
2026-03-28 13:42:10,365 - INFO - AnalyticREQUEST (next): 
You are professional data analytic, you must analyze data from dataset, work with it and create plan for data planner.
Data planner - its coder, that listen your commands, create code by it, and return result of output from docker.

Remember, that ALL your actions onto dataset will save

Initial information:
1. Description of dataset from author: 
Dataset Description
# Files
train.csv - the training set
test.csv - the test set
sample_submission.csv - a sample submission file in the correct form...
2026-03-28 13:42:33,607 - INFO - AnalyticRESPONSE (next): ```json
{
  "data_planner_request": "1. Load train.csv using pd.read_csv('train.csv')\n2. Check missing values:\n   - For 'last_dt' column (7512 missing values): fill missing values with the median date from the available data and create a binary feature 'is_last_dt_missing' (1 if missing, 0 otherwise)\n   - For 'avg_reviews' column (7512 missing values): fill missing values with the median value and create a binary feature 'is_avg_reviews_missing' (1 if missing, 0 otherwise)\n3. Convert 'last_d...
2026-03-28 13:42:33,607 - INFO - [Wrapper] Running coder
2026-03-28 13:43:04,641 - INFO - Coder Request: You are a professional python-coder.
Write Python code for the following task:
Process train.csv file.
Load data from 'data/train.csv'.
Do the following:
1. Load train.csv using pd.read_csv('train.csv')
2. Check missing values:
   - For 'last_dt' column (7512 missing values): fill missing values with the median date from the available data and create a binary feature 'is_last_dt_missing' (1 if missing, 0 otherwise)
   - For 'avg_reviews' column (7512 missing values): fill missing values with the median value and create a binary feature 'is_avg_reviews_missing' (1 if missing, 0 otherwise)
3. Convert 'last_dt' to datetime format and extract year, month, and day features if present
4. Check for outliers in 'sum' column using IQR method (Q1-1.5*IQR, Q3+1.5*IQR): cap outliers at the 99th percentile
5. Perform feature engineering:
   - Create 'price_per_day' feature by dividing 'sum' by 'min_days'
   - Create 'review_rate' feature by dividing 'amt_reviews' by 'sum'
   - Encode 'type_house' using one-hot encoding
   - Encode 'location_cluster' using one-hot encoding
6. Handle categorical features with high cardinality by grouping rare categories into 'Other'
7. Scale numerical features using StandardScaler
8. Save processed data to 'data/processed_train.csv'

Save processed data to 'processed_data/processed_train.csv'.
Create output/analysis.txt with summary.
Use pandas.


IMPORTANT:
- The current directory contains 'train.csv' and 'test.csv'
- Save processed data to 'processed_data/processed_train.csv'
- Create directory if needed: os.makedirs('processed_data', exist_ok=True)
- Save any output/analysis to 'output/analysis.txt'
- Use pandas for data manipulation

Output only the code, no explanations.

2026-03-28 13:43:04,641 - INFO - Coder Response: import pandas as pd
from sklearn.preprocessing import StandardScaler, OneHotEncoder
from sklearn.impute import SimpleImputer
import os

# Load train.csv
df = pd.read_csv('train.csv')

# Check missing values and fill them
median_last_dt = df['last_dt'].dropna().median()
df['is_last_dt_missing'] = df['last_dt'].isnull().astype(int)
df['last_dt'].fillna(median_last_dt, inplace=True)

median_avg_reviews = df['avg_reviews'].dropna().median()
df['is_avg_reviews_missing'] = df['avg_reviews'].isnull().astype(int)
df['avg_reviews'].fillna(median_avg_reviews, inplace=True)

# Convert 'last_dt' to datetime and extract features
df['last_dt'] = pd.to_datetime(df['last_dt'])
df['year'] = df['last_dt'].dt.year.fillna(0).astype(int)
df['month'] = df['last_dt'].dt.month.fillna(0).astype(int)
df['day'] = df['last_dt'].dt.day.fillna(0).astype(int)

# Check for outliers in 'sum' column using IQR method and cap them at the 99th percentile
Q1 = df['sum'].quantile(0.25)
Q3 = df['sum'].quantile(0.75)
IQR = Q3 - Q1
upper_bound = df['sum'].quantile(0.99)
df['sum'] = df['sum'].clip(upper=upper_bound)

# Feature engineering
df['price_per_day'] = df['sum'] / df['min_days']
df['review_rate'] = df['amt_reviews'] / df['sum']

# Encode categorical features using one-hot encoding
encoder = OneHotEncoder(sparse=False, handle_unknown='ignore')
type_house_encoded = encoder.fit_transform(df[['type_house']])
location_cluster_encoded = encoder.fit_transform(df[['location_cluster']])

type_house_df = pd.DataFrame(type_house_encoded, columns=encoder.get_feature_names_out(['type_house']))
location_cluster_df = pd.DataFrame(location_cluster_encoded, columns=encoder.get_feature_names_out(['location_cluster']))

df = df.join([type_house_df, location_cluster_df])
df.drop(columns=['type_house', 'location_cluster'], inplace=True)

# Handle categorical features with high cardinality
for col in ['city', 'neighborhood']:
    value_counts = df[col].value_counts(normalize=True)
    to_keep = value_counts[value_counts >= 0.01].index
    df[col] = df[col].apply(lambda x: x if x in to_keep else 'Other')

# Scale numerical features using StandardScaler
numeric_cols = ['sum', 'min_days', 'max_days', 'avg_reviews', 'amt_reviews', 'year', 'month', 'day']
scaler = StandardScaler()
df[numeric_cols] = scaler.fit_transform(df[numeric_cols])

# Save processed data to 'processed_data/processed_train.csv'
os.makedirs('processed_data', exist_ok=True)
df.to_csv('processed_data/processed_train.csv', index=False)

# Create output/analysis.txt with summary
with open('output/analysis.txt', 'w') as f:
    f.write(f"Missing values in 'last_dt': {sum(df['is_last_dt_missing'])}\n")
    f.write(f"Missing values in 'avg_reviews': {sum(df['is_avg_reviews_missing'])}\n")
    f.write(f"Outliers capped at the 99th percentile for 'sum' column\n")
    f.write(f"One-hot encoding applied to 'type_house' and 'location_cluster'\n")
    f.write(f"Rare categories grouped into 'Other' for 'city' and 'neighborhood'\n")
    f.write(f"StandardScaler applied to numerical features\n")
2026-03-28 13:43:05,623 - ERROR - Code execution failed: Traceback (most recent call last):
  File "<string>", line 12, in <module>
  File "/usr/local/lib/python3.10/site-packages/pandas/io/parsers/readers.py", line 912, in read_csv
    return _read(filepath_or_buffer, kwds)
  File "/usr/local/lib/python3.10/site-packages/pandas/io/parsers/readers.py", line 577, in _read
    parser = TextFileReader(filepath_or_buffer, **kwds)
  File "/usr/local/lib/python3.10/site-packages/pandas/io/parsers/readers.py", line 1407, in __init__
    self._engine = self._make_engine(f, self.engine)
  File "/usr/local/lib/python3.10/site-packages/pandas/io/parsers/readers.py", line 1661, in _make_engine
    self.handles = get_handle(
  File "/usr/local/lib/python3.10/site-packages/pandas/io/common.py", line 859, in get_handle
    handle = open(
FileNotFoundError: [Errno 2] No such file or directory: 'train.csv'

2026-03-28 13:43:25,323 - INFO - Coder Request: The following code had an error:
import pandas as pd
from sklearn.preprocessing import StandardScaler, OneHotEncoder
from sklearn.impute import SimpleImputer
import os

# Load train.csv
df = pd.read_csv('train.csv')

# Check missing values and fill them
median_last_dt = df['last_dt'].dropna().median()
df['is_last_dt_missing'] = df['last_dt'].isnull().astype(int)
df['last_dt'].fillna(median_last_dt, inplace=True)

median_avg_reviews = df['avg_reviews'].dropna().median()
df['is_avg_reviews_missing'] = df['avg_reviews'].isnull().astype(int)
df['avg_reviews'].fillna(median_avg_reviews, inplace=True)

# Convert 'last_dt' to datetime and extract features
df['last_dt'] = pd.to_datetime(df['last_dt'])
df['year'] = df['last_dt'].dt.year.fillna(0).astype(int)
df['month'] = df['last_dt'].dt.month.fillna(0).astype(int)
df['day'] = df['last_dt'].dt.day.fillna(0).astype(int)

# Check for outliers in 'sum' column using IQR method and cap them at the 99th percentile
Q1 = df['sum'].quantile(0.25)
Q3 = df['sum'].quantile(0.75)
IQR = Q3 - Q1
upper_bound = df['sum'].quantile(0.99)
df['sum'] = df['sum'].clip(upper=upper_bound)

# Feature engineering
df['price_per_day'] = df['sum'] / df['min_days']
df['review_rate'] = df['amt_reviews'] / df['sum']

# Encode categorical features using one-hot encoding
encoder = OneHotEncoder(sparse=False, handle_unknown='ignore')
type_house_encoded = encoder.fit_transform(df[['type_house']])
location_cluster_encoded = encoder.fit_transform(df[['location_cluster']])

type_house_df = pd.DataFrame(type_house_encoded, columns=encoder.get_feature_names_out(['type_house']))
location_cluster_df = pd.DataFrame(location_cluster_encoded, columns=encoder.get_feature_names_out(['location_cluster']))

df = df.join([type_house_df, location_cluster_df])
df.drop(columns=['type_house', 'location_cluster'], inplace=True)

# Handle categorical features with high cardinality
for col in ['city', 'neighborhood']:
    value_counts = df[col].value_counts(normalize=True)
    to_keep = value_counts[value_counts >= 0.01].index
    df[col] = df[col].apply(lambda x: x if x in to_keep else 'Other')

# Scale numerical features using StandardScaler
numeric_cols = ['sum', 'min_days', 'max_days', 'avg_reviews', 'amt_reviews', 'year', 'month', 'day']
scaler = StandardScaler()
df[numeric_cols] = scaler.fit_transform(df[numeric_cols])

# Save processed data to 'processed_data/processed_train.csv'
os.makedirs('processed_data', exist_ok=True)
df.to_csv('processed_data/processed_train.csv', index=False)

# Create output/analysis.txt with summary
with open('output/analysis.txt', 'w') as f:
    f.write(f"Missing values in 'last_dt': {sum(df['is_last_dt_missing'])}\n")
    f.write(f"Missing values in 'avg_reviews': {sum(df['is_avg_reviews_missing'])}\n")
    f.write(f"Outliers capped at the 99th percentile for 'sum' column\n")
    f.write(f"One-hot encoding applied to 'type_house' and 'location_cluster'\n")
    f.write(f"Rare categories grouped into 'Other' for 'city' and 'neighborhood'\n")
    f.write(f"StandardScaler applied to numerical features\n")
Error: Traceback (most recent call last):
  File "<string>", line 12, in <module>
  File "/usr/local/lib/python3.10/site-packages/pandas/io/parsers/readers.py", line 912, in read_csv
    return _read(filepath_or_buffer, kwds)
  File "/usr/local/lib/python3.10/site-packages/pandas/io/parsers/readers.py", line 577, in _read
    parser = TextFileReader(filepath_or_buffer, **kwds)
  File "/usr/local/lib/python3.10/site-packages/pandas/io/parsers/readers.py", line 1407, in __init__
    self._engine = self._make_engine(f, self.engine)
  File "/usr/local/lib/python3.10/site-packages/pandas/io/parsers/readers.py", line 1661, in _make_engine
    self.handles = get_handle(
  File "/usr/local/lib/python3.10/site-packages/pandas/io/common.py", line 859, in get_handle
    handle = open(
FileNotFoundError: [Errno 2] No such file or directory: 'train.csv'

Please provide correct code. Output only the code, no explanations.

2026-03-28 13:43:25,323 - INFO - Coder Response: import pandas as pd
from sklearn.preprocessing import StandardScaler, OneHotEncoder
from sklearn.impute import SimpleImputer
import os

# Load train.csv
df = pd.read_csv('train.csv')

# Check missing values and fill them
median_last_dt = df['last_dt'].dropna().median()
df['is_last_dt_missing'] = df['last_dt'].isnull().astype(int)
df['last_dt'].fillna(median_last_dt, inplace=True)

median_avg_reviews = df['avg_reviews'].dropna().median()
df['is_avg_reviews_missing'] = df['avg_reviews'].isnull().astype(int)
df['avg_reviews'].fillna(median_avg_reviews, inplace=True)

# Convert 'last_dt' to datetime and extract features
df['last_dt'] = pd.to_datetime(df['last_dt'])
df['year'] = df['last_dt'].dt.year.fillna(0).astype(int)
df['month'] = df['last_dt'].dt.month.fillna(0).astype(int)
df['day'] = df['last_dt'].dt.day.fillna(0).astype(int)

# Check for outliers in 'sum' column using IQR method and cap them at the 99th percentile
Q1 = df['sum'].quantile(0.25)
Q3 = df['sum'].quantile(0.75)
IQR = Q3 - Q1
upper_bound = df['sum'].quantile(0.99)
df['sum'] = df['sum'].clip(upper=upper_bound)

# Feature engineering
df['price_per_day'] = df['sum'] / df['min_days']
df['review_rate'] = df['amt_reviews'] / df['sum']

# Encode categorical features using one-hot encoding
encoder = OneHotEncoder(sparse=False, handle_unknown='ignore')
type_house_encoded = encoder.fit_transform(df[['type_house']])
location_cluster_encoded = encoder.fit_transform(df[['location_cluster']])

type_house_df = pd.DataFrame(type_house_encoded, columns=encoder.get_feature_names_out(['type_house']))
location_cluster_df = pd.DataFrame(location_cluster_encoded, columns=encoder.get_feature_names_out(['location_cluster']))

df = df.join([type_house_df, location_cluster_df])
df.drop(columns=['type_house', 'location_cluster'], inplace=True)

# Handle categorical features with high cardinality
for col in ['city', 'neighborhood']:
    value_counts = df[col].value_counts(normalize=True)
    to_keep = value_counts[value_counts >= 0.01].index
    df[col] = df[col].apply(lambda x: x if x in to_keep else 'Other')

# Scale numerical features using StandardScaler
numeric_cols = ['sum', 'min_days', 'max_days', 'avg_reviews', 'amt_reviews', 'year', 'month', 'day']
scaler = StandardScaler()
df[numeric_cols] = scaler.fit_transform(df[numeric_cols])

# Save processed data to 'processed_data/processed_train.csv'
os.makedirs('processed_data', exist_ok=True)
df.to_csv('processed_data/processed_train.csv', index=False)

# Create output/analysis.txt with summary
with open('output/analysis.txt', 'w') as f:
    f.write(f"Missing values in 'last_dt': {sum(df['is_last_dt_missing'])}\n")
    f.write(f"Missing values in 'avg_reviews': {sum(df['is_avg_reviews_missing'])}\n")
    f.write(f"Outliers capped at the 99th percentile for 'sum' column\n")
    f.write(f"One-hot encoding applied to 'type_house' and 'location_cluster'\n")
    f.write(f"Rare categories grouped into 'Other' for 'city' and 'neighborhood'\n")
    f.write(f"StandardScaler applied to numerical features\n")
2026-03-28 13:43:26,211 - ERROR - Code execution failed: Traceback (most recent call last):
  File "<string>", line 12, in <module>
  File "/usr/local/lib/python3.10/site-packages/pandas/io/parsers/readers.py", line 912, in read_csv
    return _read(filepath_or_buffer, kwds)
  File "/usr/local/lib/python3.10/site-packages/pandas/io/parsers/readers.py", line 577, in _read
    parser = TextFileReader(filepath_or_buffer, **kwds)
  File "/usr/local/lib/python3.10/site-packages/pandas/io/parsers/readers.py", line 1407, in __init__
    self._engine = self._make_engine(f, self.engine)
  File "/usr/local/lib/python3.10/site-packages/pandas/io/parsers/readers.py", line 1661, in _make_engine
    self.handles = get_handle(
  File "/usr/local/lib/python3.10/site-packages/pandas/io/common.py", line 859, in get_handle
    handle = open(
FileNotFoundError: [Errno 2] No such file or directory: 'train.csv'

2026-03-28 13:43:45,359 - INFO - Coder Request: The following code had an error:
import pandas as pd
from sklearn.preprocessing import StandardScaler, OneHotEncoder
from sklearn.impute import SimpleImputer
import os

# Load train.csv
df = pd.read_csv('train.csv')

# Check missing values and fill them
median_last_dt = df['last_dt'].dropna().median()
df['is_last_dt_missing'] = df['last_dt'].isnull().astype(int)
df['last_dt'].fillna(median_last_dt, inplace=True)

median_avg_reviews = df['avg_reviews'].dropna().median()
df['is_avg_reviews_missing'] = df['avg_reviews'].isnull().astype(int)
df['avg_reviews'].fillna(median_avg_reviews, inplace=True)

# Convert 'last_dt' to datetime and extract features
df['last_dt'] = pd.to_datetime(df['last_dt'])
df['year'] = df['last_dt'].dt.year.fillna(0).astype(int)
df['month'] = df['last_dt'].dt.month.fillna(0).astype(int)
df['day'] = df['last_dt'].dt.day.fillna(0).astype(int)

# Check for outliers in 'sum' column using IQR method and cap them at the 99th percentile
Q1 = df['sum'].quantile(0.25)
Q3 = df['sum'].quantile(0.75)
IQR = Q3 - Q1
upper_bound = df['sum'].quantile(0.99)
df['sum'] = df['sum'].clip(upper=upper_bound)

# Feature engineering
df['price_per_day'] = df['sum'] / df['min_days']
df['review_rate'] = df['amt_reviews'] / df['sum']

# Encode categorical features using one-hot encoding
encoder = OneHotEncoder(sparse=False, handle_unknown='ignore')
type_house_encoded = encoder.fit_transform(df[['type_house']])
location_cluster_encoded = encoder.fit_transform(df[['location_cluster']])

type_house_df = pd.DataFrame(type_house_encoded, columns=encoder.get_feature_names_out(['type_house']))
location_cluster_df = pd.DataFrame(location_cluster_encoded, columns=encoder.get_feature_names_out(['location_cluster']))

df = df.join([type_house_df, location_cluster_df])
df.drop(columns=['type_house', 'location_cluster'], inplace=True)

# Handle categorical features with high cardinality
for col in ['city', 'neighborhood']:
    value_counts = df[col].value_counts(normalize=True)
    to_keep = value_counts[value_counts >= 0.01].index
    df[col] = df[col].apply(lambda x: x if x in to_keep else 'Other')

# Scale numerical features using StandardScaler
numeric_cols = ['sum', 'min_days', 'max_days', 'avg_reviews', 'amt_reviews', 'year', 'month', 'day']
scaler = StandardScaler()
df[numeric_cols] = scaler.fit_transform(df[numeric_cols])

# Save processed data to 'processed_data/processed_train.csv'
os.makedirs('processed_data', exist_ok=True)
df.to_csv('processed_data/processed_train.csv', index=False)

# Create output/analysis.txt with summary
with open('output/analysis.txt', 'w') as f:
    f.write(f"Missing values in 'last_dt': {sum(df['is_last_dt_missing'])}\n")
    f.write(f"Missing values in 'avg_reviews': {sum(df['is_avg_reviews_missing'])}\n")
    f.write(f"Outliers capped at the 99th percentile for 'sum' column\n")
    f.write(f"One-hot encoding applied to 'type_house' and 'location_cluster'\n")
    f.write(f"Rare categories grouped into 'Other' for 'city' and 'neighborhood'\n")
    f.write(f"StandardScaler applied to numerical features\n")
Error: Traceback (most recent call last):
  File "<string>", line 12, in <module>
  File "/usr/local/lib/python3.10/site-packages/pandas/io/parsers/readers.py", line 912, in read_csv
    return _read(filepath_or_buffer, kwds)
  File "/usr/local/lib/python3.10/site-packages/pandas/io/parsers/readers.py", line 577, in _read
    parser = TextFileReader(filepath_or_buffer, **kwds)
  File "/usr/local/lib/python3.10/site-packages/pandas/io/parsers/readers.py", line 1407, in __init__
    self._engine = self._make_engine(f, self.engine)
  File "/usr/local/lib/python3.10/site-packages/pandas/io/parsers/readers.py", line 1661, in _make_engine
    self.handles = get_handle(
  File "/usr/local/lib/python3.10/site-packages/pandas/io/common.py", line 859, in get_handle
    handle = open(
FileNotFoundError: [Errno 2] No such file or directory: 'train.csv'

Please provide correct code. Output only the code, no explanations.

2026-03-28 13:43:45,359 - INFO - Coder Response: import pandas as pd
from sklearn.preprocessing import StandardScaler, OneHotEncoder
from sklearn.impute import SimpleImputer
import os

# Load train.csv
df = pd.read_csv('train.csv')

# Check missing values and fill them
median_last_dt = df['last_dt'].dropna().median()
df['is_last_dt_missing'] = df['last_dt'].isnull().astype(int)
df['last_dt'].fillna(median_last_dt, inplace=True)

median_avg_reviews = df['avg_reviews'].dropna().median()
df['is_avg_reviews_missing'] = df['avg_reviews'].isnull().astype(int)
df['avg_reviews'].fillna(median_avg_reviews, inplace=True)

# Convert 'last_dt' to datetime and extract features
df['last_dt'] = pd.to_datetime(df['last_dt'])
df['year'] = df['last_dt'].dt.year.fillna(0).astype(int)
df['month'] = df['last_dt'].dt.month.fillna(0).astype(int)
df['day'] = df['last_dt'].dt.day.fillna(0).astype(int)

# Check for outliers in 'sum' column using IQR method and cap them at the 99th percentile
Q1 = df['sum'].quantile(0.25)
Q3 = df['sum'].quantile(0.75)
IQR = Q3 - Q1
upper_bound = df['sum'].quantile(0.99)
df['sum'] = df['sum'].clip(upper=upper_bound)

# Feature engineering
df['price_per_day'] = df['sum'] / df['min_days']
df['review_rate'] = df['amt_reviews'] / df['sum']

# Encode categorical features using one-hot encoding
encoder = OneHotEncoder(sparse=False, handle_unknown='ignore')
type_house_encoded = encoder.fit_transform(df[['type_house']])
location_cluster_encoded = encoder.fit_transform(df[['location_cluster']])

type_house_df = pd.DataFrame(type_house_encoded, columns=encoder.get_feature_names_out(['type_house']))
location_cluster_df = pd.DataFrame(location_cluster_encoded, columns=encoder.get_feature_names_out(['location_cluster']))

df = df.join([type_house_df, location_cluster_df])
df.drop(columns=['type_house', 'location_cluster'], inplace=True)

# Handle categorical features with high cardinality
for col in ['city', 'neighborhood']:
    value_counts = df[col].value_counts(normalize=True)
    to_keep = value_counts[value_counts >= 0.01].index
    df[col] = df[col].apply(lambda x: x if x in to_keep else 'Other')

# Scale numerical features using StandardScaler
numeric_cols = ['sum', 'min_days', 'max_days', 'avg_reviews', 'amt_reviews', 'year', 'month', 'day']
scaler = StandardScaler()
df[numeric_cols] = scaler.fit_transform(df[numeric_cols])

# Save processed data to 'processed_data/processed_train.csv'
os.makedirs('processed_data', exist_ok=True)
df.to_csv('processed_data/processed_train.csv', index=False)

# Create output/analysis.txt with summary
with open('output/analysis.txt', 'w') as f:
    f.write(f"Missing values in 'last_dt': {sum(df['is_last_dt_missing'])}\n")
    f.write(f"Missing values in 'avg_reviews': {sum(df['is_avg_reviews_missing'])}\n")
    f.write(f"Outliers capped at the 99th percentile for 'sum' column\n")
    f.write(f"One-hot encoding applied to 'type_house' and 'location_cluster'\n")
    f.write(f"Rare categories grouped into 'Other' for 'city' and 'neighborhood'\n")
    f.write(f"StandardScaler applied to numerical features\n")
2026-03-28 13:43:46,144 - ERROR - Code execution failed: Traceback (most recent call last):
  File "<string>", line 12, in <module>
  File "/usr/local/lib/python3.10/site-packages/pandas/io/parsers/readers.py", line 912, in read_csv
    return _read(filepath_or_buffer, kwds)
  File "/usr/local/lib/python3.10/site-packages/pandas/io/parsers/readers.py", line 577, in _read
    parser = TextFileReader(filepath_or_buffer, **kwds)
  File "/usr/local/lib/python3.10/site-packages/pandas/io/parsers/readers.py", line 1407, in __init__
    self._engine = self._make_engine(f, self.engine)
  File "/usr/local/lib/python3.10/site-packages/pandas/io/parsers/readers.py", line 1661, in _make_engine
    self.handles = get_handle(
  File "/usr/local/lib/python3.10/site-packages/pandas/io/common.py", line 859, in get_handle
    handle = open(
FileNotFoundError: [Errno 2] No such file or directory: 'train.csv'

2026-03-28 13:43:46,145 - INFO - [Wrapper] Output saved to /home/progifrogi/PycharmProjects/Agentic-Modeling-Operational-Engineering-Beta-Application/output/attempt_2.txt
